Component: ARM Compiler 5.06 update 7 (build 960) Tool: armlink [4d3601]

==============================================================================

Section Cross References

    main.o(i.main) refers to init.o(i.init_CLK) for init_CLK
    main.o(i.main) refers to init.o(i.init_LED) for init_LED
    main.o(i.main) refers to init.o(i.init_SW) for init_SW
    main.o(i.main) refers to init.o(i.init_ITR_SW) for init_ITR_SW
    main.o(i.main) refers to init.o(i.init_SysTick_interrupt) for init_SysTick_interrupt
    main.o(i.main) refers to lcd.o(i.init_LCD) for init_LCD
    main.o(i.main) refers to i2c.o(i.init_I2C) for init_I2C
    main.o(i.main) refers to mag3110.o(i.init_MAG3110) for init_MAG3110
    main.o(i.main) refers to uart.o(i.UART_Init) for UART_Init
    main.o(i.main) refers to init.o(i.reset_LED) for reset_LED
    main.o(i.main) refers to init.o(i.toggle_LED) for toggle_LED
    main.o(i.main) refers to mag3110.o(i.mag_read) for mag_read
    main.o(i.main) refers to dflti.o(.text) for __aeabi_i2d
    main.o(i.main) refers to atan2.o(i.atan2) for atan2
    main.o(i.main) refers to d2f.o(.text) for __aeabi_d2f
    main.o(i.main) refers to f2d.o(.text) for __aeabi_f2d
    main.o(i.main) refers to dmul.o(.text) for __aeabi_dmul
    main.o(i.main) refers to uart.o(i.UART_SendString) for UART_SendString
    main.o(i.main) refers to fflti.o(.text) for __aeabi_i2f
    main.o(i.main) refers to uart.o(i.UART_SendFloat) for UART_SendFloat
    main.o(i.main) refers to ffixui.o(.text) for __aeabi_f2uiz
    main.o(i.main) refers to lcd.o(i.LCD_DisplayDecimal) for LCD_DisplayDecimal
    init.o(i.Delay) refers to init.o(.data) for msTicks
    init.o(i.PORTC_PORTD_IRQHandler) refers to init.o(.data) for state
    init.o(i.SysTick_Handler) refers to init.o(.data) for msTicks
    init.o(i.init_ITR_SW) refers to init.o(i.__NVIC_SetPriority) for __NVIC_SetPriority
    init.o(i.init_SysTick_interrupt) refers to aeabi_sdiv.o(.text) for __aeabi_uidivmod
    init.o(i.init_SysTick_interrupt) refers to system_mkl46z4.o(.data) for SystemCoreClock
    init.o(i.toggle_LED) refers to init.o(i.Delay) for Delay
    init.o(i.toggle_LED) refers to init.o(.data) for state
    lcd.o(i.LCD_DisplayDecimal) refers to aeabi_sdiv.o(.text) for __aeabi_idivmod
    lcd.o(i.LCD_DisplayDecimal) refers to lcd.o(i.LCD_Set) for LCD_Set
    lcd.o(i.LCD_Set) refers to lcd.o(i.LCD_DisplayError) for LCD_DisplayError
    lcd.o(i.LCD_Set) refers to lcd.o(.constdata) for LCD_Frontplane_Pin
    mag3110.o(i.init_MAG3110) refers to i2c.o(i.I2C_write) for I2C_write
    mag3110.o(i.init_MAG3110) refers to mag3110.o(i.Delay_mag) for Delay_mag
    mag3110.o(i.mag_read) refers to i2c.o(i.I2C_read) for I2C_read
    mag3110.o(i.mag_read) refers to mag3110.o(i.Delay_mag) for Delay_mag
    mag3110.o(i.mag_read) refers to rt_memcpy.o(.text) for __aeabi_memcpy
    uart.o(i.UART_Init) refers to aeabi_sdiv.o(.text) for __aeabi_uidivmod
    uart.o(i.UART_Init) refers to system_mkl46z4.o(.data) for SystemCoreClock
    uart.o(i.UART_SendFloat) refers to _printf_percent.o(.ARM.Collect$$_printf_percent$$00000000) for _printf_percent
    uart.o(i.UART_SendFloat) refers to _printf_f.o(.ARM.Collect$$_printf_percent$$00000003) for _printf_f
    uart.o(i.UART_SendFloat) refers to printf1.o(x$fpl$printf1) for _printf_fp_dec
    uart.o(i.UART_SendFloat) refers to f2d.o(.text) for __aeabi_f2d
    uart.o(i.UART_SendFloat) refers to noretval__2sprintf.o(.text) for __2sprintf
    uart.o(i.UART_SendFloat) refers to uart.o(i.UART_SendString) for UART_SendString
    uart.o(i.UART_SendInt16) refers to _printf_percent.o(.ARM.Collect$$_printf_percent$$00000000) for _printf_percent
    uart.o(i.UART_SendInt16) refers to _printf_d.o(.ARM.Collect$$_printf_percent$$00000009) for _printf_d
    uart.o(i.UART_SendInt16) refers to _printf_dec.o(.text) for _printf_int_dec
    uart.o(i.UART_SendInt16) refers to noretval__2sprintf.o(.text) for __2sprintf
    uart.o(i.UART_SendInt16) refers to uart.o(i.UART_SendString) for UART_SendString
    uart.o(i.UART_SendString) refers to uart.o(i.UART_SendChar) for UART_SendChar
    uart.o(i.UART_SendUint8) refers to _printf_percent.o(.ARM.Collect$$_printf_percent$$00000000) for _printf_percent
    uart.o(i.UART_SendUint8) refers to _printf_u.o(.ARM.Collect$$_printf_percent$$0000000A) for _printf_u
    uart.o(i.UART_SendUint8) refers to _printf_dec.o(.text) for _printf_int_dec
    uart.o(i.UART_SendUint8) refers to noretval__2sprintf.o(.text) for __2sprintf
    uart.o(i.UART_SendUint8) refers to uart.o(i.UART_SendString) for UART_SendString
    startup_mkl46z4.o(RESET) refers to startup_mkl46z4.o(.text) for Reset_Handler
    startup_mkl46z4.o(RESET) refers to init.o(i.SysTick_Handler) for SysTick_Handler
    startup_mkl46z4.o(RESET) refers to init.o(i.PORTC_PORTD_IRQHandler) for PORTC_PORTD_IRQHandler
    startup_mkl46z4.o(.text) refers to startup_mkl46z4.o(FlashConfig) for FlashConfig
[...]
    dscalbn.o(.text) refers (Special) to usenofp.o(x$fpl$usenofp) for __I$use$fp
    ieee_status.o(.text) refers (Special) to usenofp.o(x$fpl$usenofp) for __I$use$fp
    fpclassify.o(i.__ARM_fpclassify) refers (Special) to usenofp.o(x$fpl$usenofp) for __I$use$fp
    poly.o(i.__kernel_poly) refers (Special) to usenofp.o(x$fpl$usenofp) for __I$use$fp
    poly.o(i.__kernel_poly) refers to dmul.o(.text) for __aeabi_dmul
    poly.o(i.__kernel_poly) refers to daddsub.o(.text) for __aeabi_dadd
    libspace.o(.text) refers to libspace.o(.bss) for __libspace_start
    sys_stackheap_outer.o(.text) refers to libspace.o(.text) for __user_perproc_libspace
    sys_stackheap_outer.o(.text) refers to sys_stackheap.o(.text) for __user_initial_stackheap
    sys_stackheap_outer.o(__vectab_stack_and_reset_area) refers to tempstk.o(.text) for __temporary_stack_top
    sys_stackheap_outer.o(__vectab_stack_and_reset_area) refers to __main.o(!!!main) for __main
    exit.o(.text) refers to rtexit.o(.ARM.Collect$$rtexit$$00000000) for __rt_exit
    defsig_fpe_outer.o(.text) refers to defsig_fpe_inner.o(.text) for __rt_SIGFPE_inner
    defsig_fpe_outer.o(.text) refers to defsig_exit.o(.text) for __sig_exit
    defsig_fpe_formal.o(.text) refers to rt_raise.o(.text) for __rt_raise
    libinit.o(.ARM.Collect$$libinit$$00000000) refers (Special) to libinit2.o(.ARM.Collect$$libinit$$0000002E) for __rt_lib_init_alloca_1
    libinit.o(.ARM.Collect$$libinit$$00000000) refers (Special) to libinit2.o(.ARM.Collect$$libinit$$0000002C) for __rt_lib_init_argv_1
    libinit.o(.ARM.Collect$$libinit$$00000000) refers (Special) to libinit2.o(.ARM.Collect$$libinit$$0000001B) for __rt_lib_init_atexit_1
    libinit.o(.ARM.Collect$$libinit$$00000000) refers (Special) to libinit2.o(.ARM.Collect$$libinit$$00000021) for __rt_lib_init_clock_1
    libinit.o(.ARM.Collect$$libinit$$00000000) refers (Special) to libinit2.o(.ARM.Collect$$libinit$$00000032) for __rt_lib_init_cpp_1
    libinit.o(.ARM.Collect$$libinit$$00000000) refers (Special) to libinit2.o(.ARM.Collect$$libinit$$00000030) for __rt_lib_init_exceptions_1
    libinit.o(.ARM.Collect$$libinit$$00000000) refers (Special) to libinit2.o(.ARM.Collect$$libinit$$00000002) for __rt_lib_init_fp_1
    libinit.o(.ARM.Collect$$libinit$$00000000) refers (Special) to libinit2.o(.ARM.Collect$$libinit$$0000001F) for __rt_lib_init_fp_trap_1
    libinit.o(.ARM.Collect$$libinit$$00000000) refers (Special) to libinit2.o(.ARM.Collect$$libinit$$00000023) for __rt_lib_init_getenv_1
    libinit.o(.ARM.Collect$$libinit$$00000000) refers (Special) to libinit2.o(.ARM.Collect$$libinit$$0000000A) for __rt_lib_init_heap_1
    libinit.o(.ARM.Collect$$libinit$$00000000) refers (Special) to libinit2.o(.ARM.Collect$$libinit$$00000011) for __rt_lib_init_lc_collate_1
    libinit.o(.ARM.Collect$$libinit$$00000000) refers (Special) to libinit2.o(.ARM.Collect$$libinit$$00000013) for __rt_lib_init_lc_ctype_1
    libinit.o(.ARM.Collect$$libinit$$00000000) refers (Special) to libinit2.o(.ARM.Collect$$libinit$$00000015) for __rt_lib_init_lc_monetary_1
    libinit.o(.ARM.Collect$$libinit$$00000000) refers (Special) to libinit2.o(.ARM.Collect$$libinit$$00000017) for __rt_lib_init_lc_numeric_1
    libinit.o(.ARM.Collect$$libinit$$00000000) refers (Special) to libinit2.o(.ARM.Collect$$libinit$$00000019) for __rt_lib_init_lc_time_1
    libinit.o(.ARM.Collect$$libinit$$00000000) refers (Special) to libinit2.o(.ARM.Collect$$libinit$$00000004) for __rt_lib_init_preinit_1
    libinit.o(.ARM.Collect$$libinit$$00000000) refers (Special) to libinit2.o(.ARM.Collect$$libinit$$0000000E) for __rt_lib_init_rand_1
    libinit.o(.ARM.Collect$$libinit$$00000000) refers (Special) to libinit2.o(.ARM.Collect$$libinit$$00000033) for __rt_lib_init_return
    libinit.o(.ARM.Collect$$libinit$$00000000) refers (Special) to libinit2.o(.ARM.Collect$$libinit$$0000001D) for __rt_lib_init_signal_1
    libinit.o(.ARM.Collect$$libinit$$00000000) refers (Special) to libinit2.o(.ARM.Collect$$libinit$$00000025) for __rt_lib_init_stdio_1
    libinit.o(.ARM.Collect$$libinit$$00000000) refers (Special) to libinit2.o(.ARM.Collect$$libinit$$0000000C) for __rt_lib_init_user_alloc_1
    libinit2.o(.ARM.Collect$$libinit$$0000000F) refers (Weak) to rt_locale_intlibspace.o(.text) for __rt_locale
    libinit2.o(.ARM.Collect$$libinit$$00000010) refers to libinit2.o(.ARM.Collect$$libinit$$0000000F) for .ARM.Collect$$libinit$$0000000F
    libinit2.o(.ARM.Collect$$libinit$$00000012) refers to libinit2.o(.ARM.Collect$$libinit$$0000000F) for .ARM.Collect$$libinit$$0000000F
    libinit2.o(.ARM.Collect$$libinit$$00000014) refers to libinit2.o(.ARM.Collect$$libinit$$0000000F) for .ARM.Collect$$libinit$$0000000F
    libinit2.o(.ARM.Collect$$libinit$$00000016) refers to libinit2.o(.ARM.Collect$$libinit$$0000000F) for .ARM.Collect$$libinit$$0000000F
    libinit2.o(.ARM.Collect$$libinit$$00000016) refers (Weak) to lc_numeric_c.o(locale$$code) for _get_lc_numeric
    libinit2.o(.ARM.Collect$$libinit$$00000018) refers to libinit2.o(.ARM.Collect$$libinit$$0000000F) for .ARM.Collect$$libinit$$0000000F
    libinit2.o(.ARM.Collect$$libinit$$00000026) refers to argv_veneer.o(.text) for __ARM_argv_veneer
    libinit2.o(.ARM.Collect$$libinit$$00000027) refers to argv_veneer.o(.text) for __ARM_argv_veneer
    cmpret.o(.text) refers (Special) to usenofp.o(x$fpl$usenofp) for __I$use$fp
    dnan2.o(.text) refers (Special) to usenofp.o(x$fpl$usenofp) for __I$use$fp
    dnan2.o(.text) refers to retnan.o(.text) for __fpl_return_NaN
    sys_stackheap.o(.text) refers (Special) to indicate_semi.o(.text) for __semihosting_library_function
    sys_stackheap.o(.text) refers to use_no_semi.o(.text) for __I$use$semihosting
    rtexit.o(.ARM.Collect$$rtexit$$00000000) refers (Special) to rtexit2.o(.ARM.Collect$$rtexit$$00000004) for __rt_exit_exit
    rtexit.o(.ARM.Collect$$rtexit$$00000000) refers (Special) to rtexit2.o(.ARM.Collect$$rtexit$$00000003) for __rt_exit_ls
    rtexit.o(.ARM.Collect$$rtexit$$00000000) refers (Special) to rtexit2.o(.ARM.Collect$$rtexit$$00000002) for __rt_exit_prels_1
    rtexit.o(.ARM.exidx) refers (Special) to rtexit2.o(.ARM.Collect$$rtexit$$00000004) for __rt_exit_exit
    rtexit.o(.ARM.exidx) refers (Special) to rtexit2.o(.ARM.Collect$$rtexit$$00000003) for __rt_exit_ls
    rtexit.o(.ARM.exidx) refers (Special) to rtexit2.o(.ARM.Collect$$rtexit$$00000002) for __rt_exit_prels_1
    rtexit.o(.ARM.exidx) refers to rtexit.o(.ARM.Collect$$rtexit$$00000000) for .ARM.Collect$$rtexit$$00000000
    rt_raise.o(.text) refers to __raise.o(.text) for __raise
    rt_raise.o(.text) refers to sys_exit.o(.text) for _sys_exit
    defsig_exit.o(.text) refers to sys_exit.o(.text) for _sys_exit
    defsig_fpe_inner.o(.text) refers to defsig_general.o(.text) for __default_signal_display
    libinit5.o(.ARM.Collect$$libinit$$00000008) refers to libinit5.o(.ARM.Collect$$libinit$$00002719) for __lit__00000000
    libinit5.o(.ARM.Collect$$libinit$$0000002A) refers to libinit5.o(.ARM.Collect$$libinit$$0000273B) for __lit__00000002
    libinit5.o(.ARM.Collect$$libinit$$0000002A) refers to argv_veneer.o(.text) for __ARM_argv_veneer
    retnan.o(.text) refers (Special) to usenofp.o(x$fpl$usenofp) for __I$use$fp
    retnan.o(.text) refers to cmpret.o(.text) for __fpl_cmpreturn
    sys_exit.o(.text) refers (Special) to use_no_semi.o(.text) for __I$use$semihosting
    sys_exit.o(.text) refers (Special) to indicate_semi.o(.text) for __semihosting_library_function
    rtexit2.o(.ARM.Collect$$rtexit$$00000003) refers to libshutdown.o(.ARM.Collect$$libshutdown$$00000000) for __rt_lib_shutdown
    rtexit2.o(.ARM.Collect$$rtexit$$00000004) refers to sys_exit.o(.text) for _sys_exit
    rtexit2.o(.ARM.exidx) refers to rtexit2.o(.ARM.Collect$$rtexit$$00000001) for .ARM.Collect$$rtexit$$00000001
    rtexit2.o(.ARM.exidx) refers to rtexit2.o(.ARM.Collect$$rtexit$$00000003) for .ARM.Collect$$rtexit$$00000003
    rtexit2.o(.ARM.exidx) refers to rtexit2.o(.ARM.Collect$$rtexit$$00000004) for .ARM.Collect$$rtexit$$00000004
    __raise.o(.text) refers to defsig.o(CL$$defsig) for __default_signal_handler
    defsig_general.o(.text) refers to sys_wrch.o(.text) for _ttywrch
    _get_argv_nomalloc.o(.text) refers (Special) to hrguard.o(.text) for __heap_region$guard
    _get_argv_nomalloc.o(.text) refers to defsig_rtmem_outer.o(.text) for __rt_SIGRTMEM
    _get_argv_nomalloc.o(.text) refers to sys_command.o(.text) for _sys_command_string
    sys_wrch.o(.text) refers (Special) to use_no_semi.o(.text) for __I$use$semihosting
    sys_wrch.o(.text) refers (Special) to indicate_semi.o(.text) for __semihosting_library_function
    sys_command.o(.text) refers (Special) to use_no_semi.o(.text) for __I$use$semihosting
    sys_command.o(.text) refers (Special) to indicate_semi.o(.text) for __semihosting_library_function
    defsig_rtmem_outer.o(.text) refers to defsig_rtmem_inner.o(.text) for __rt_SIGRTMEM_inner
    defsig_rtmem_outer.o(.text) refers to defsig_exit.o(.text) for __sig_exit
    defsig_rtmem_formal.o(.text) refers to rt_raise.o(.text) for __rt_raise
    defsig.o(CL$$defsig) refers to defsig_fpe_inner.o(.text) for __rt_SIGFPE_inner
    defsig.o(CL$$defsig) refers to defsig_rtmem_inner.o(.text) for __rt_SIGRTMEM_inner
    libshutdown.o(.ARM.Collect$$libshutdown$$00000000) refers (Special) to libshutdown2.o(.ARM.Collect$$libshutdown$$00000004) for __rt_lib_shutdown_cpp_1
    libshutdown.o(.ARM.Collect$$libshutdown$$00000000) refers (Special) to libshutdown2.o(.ARM.Collect$$libshutdown$$00000002) for __rt_lib_shutdown_fini_1
    libshutdown.o(.ARM.Collect$$libshutdown$$00000000) refers (Special) to libshutdown2.o(.ARM.Collect$$libshutdown$$00000009) for __rt_lib_shutdown_fp_trap_1
    libshutdown.o(.ARM.Collect$$libshutdown$$00000000) refers (Special) to libshutdown2.o(.ARM.Collect$$libshutdown$$00000011) for __rt_lib_shutdown_heap_1
    libshutdown.o(.ARM.Collect$$libshutdown$$00000000) refers (Special) to libshutdown2.o(.ARM.Collect$$libshutdown$$00000012) for __rt_lib_shutdown_return
    libshutdown.o(.ARM.Collect$$libshutdown$$00000000) refers (Special) to libshutdown2.o(.ARM.Collect$$libshutdown$$0000000C) for __rt_lib_shutdown_signal_1
    libshutdown.o(.ARM.Collect$$libshutdown$$00000000) refers (Special) to libshutdown2.o(.ARM.Collect$$libshutdown$$00000006) for __rt_lib_shutdown_stdio_1
    libshutdown.o(.ARM.Collect$$libshutdown$$00000000) refers (Special) to libshutdown2.o(.ARM.Collect$$libshutdown$$0000000E) for __rt_lib_shutdown_user_alloc_1
    defsig_abrt_inner.o(.text) refers to defsig_general.o(.text) for __default_signal_display
    defsig_rtred_inner.o(.text) refers to defsig_general.o(.text) for __default_signal_display
    defsig_rtmem_inner.o(.text) refers to defsig_general.o(.text) for __default_signal_display
    defsig_stak_inner.o(.text) refers to defsig_general.o(.text) for __default_signal_display
    defsig_pvfn_inner.o(.text) refers to defsig_general.o(.text) for __default_signal_display
    defsig_cppl_inner.o(.text) refers to defsig_general.o(.text) for __default_signal_display
    defsig_segv_inner.o(.text) refers to defsig_general.o(.text) for __default_signal_display
    defsig_other.o(.text) refers to defsig_general.o(.text) for __default_signal_display


==============================================================================

Removing Unused input sections from the image.

    Removing main.o(.rev16_text), (4 bytes).
    Removing main.o(.revsh_text), (4 bytes).
    Removing init.o(.rev16_text), (4 bytes).
    Removing init.o(.revsh_text), (4 bytes).
    Removing lcd.o(.rev16_text), (4 bytes).
    Removing lcd.o(.revsh_text), (4 bytes).
    Removing mag3110.o(.rev16_text), (4 bytes).
    Removing mag3110.o(.revsh_text), (4 bytes).
    Removing i2c.o(.rev16_text), (4 bytes).
    Removing i2c.o(.revsh_text), (4 bytes).
    Removing uart.o(.rev16_text), (4 bytes).
    Removing uart.o(.revsh_text), (4 bytes).
    Removing uart.o(i.UART_SendInt16), (28 bytes).
    Removing uart.o(i.UART_SendUint8), (28 bytes).
    Removing system_mkl46z4.o(.rev16_text), (4 bytes).
    Removing system_mkl46z4.o(.revsh_text), (4 bytes).
    Removing system_mkl46z4.o(i.SystemCoreClockUpdate), (400 bytes).
    Removing system_mkl46z4.o(i.__ARM_common_switch8), (28 bytes).

18 unused section(s) (total 540 bytes) removed from the image.

==============================================================================

Image Symbol Table

    Local Symbols

    Symbol Name                              Value     Ov Type        Size  Object(Section)

    RESET                                    0x00000000   Section      192  startup_mkl46z4.o(RESET)
    ../clib/angel/boardlib.s                 0x00000000   Number         0  boardshut.o ABSOLUTE
    ../clib/angel/boardlib.s                 0x00000000   Number         0  boardinit2.o ABSOLUTE
    ../clib/angel/boardlib.s                 0x00000000   Number         0  boardinit3.o ABSOLUTE
    ../clib/angel/boardlib.s                 0x00000000   Number         0  boardinit1.o ABSOLUTE
    ../clib/angel/handlers.s                 0x00000000   Number         0  __scatter_zi.o ABSOLUTE
    ../clib/angel/handlers.s                 0x00000000   Number         0  __scatter_copy.o ABSOLUTE
    ../clib/angel/kernel.s                   0x00000000   Number         0  __rtentry2.o ABSOLUTE
    ../clib/angel/kernel.s                   0x00000000   Number         0  __rtentry.o ABSOLUTE
    ../clib/angel/kernel.s                   0x00000000   Number         0  __rtentry7.o ABSOLUTE
    ../clib/angel/kernel.s                   0x00000000   Number         0  rtexit2.o ABSOLUTE
    ../clib/angel/kernel.s                   0x00000000   Number         0  __rtentry4.o ABSOLUTE
    ../clib/angel/kernel.s                   0x00000000   Number         0  rtexit.o ABSOLUTE
    ../clib/angel/rt.s                       0x00000000   Number         0  rt_errno_addr.o ABSOLUTE
    ../clib/angel/rt.s                       0x00000000   Number         0  aeabi_idiv0_sigfpe.o ABSOLUTE
    ../clib/angel/rt.s                       0x00000000   Number         0  aeabi_idiv0.o ABSOLUTE
    ../clib/angel/rt.s                       0x00000000   Number         0  rt_locale_intlibspace.o ABSOLUTE
    ../clib/angel/rt.s                       0x00000000   Number         0  rt_locale.o ABSOLUTE
    ../clib/angel/rt.s                       0x00000000   Number         0  rt_div0.o ABSOLUTE
    ../clib/angel/rt.s                       0x00000000   Number         0  rt_errno_addr_intlibspace.o ABSOLUTE
    ../clib/angel/rt.s                       0x00000000   Number         0  rt_raise.o ABSOLUTE
    ../clib/angel/scatterp.s                 0x00000000   Number         0  __scatter.o ABSOLUTE
    ../clib/angel/startup.s                  0x00000000   Number         0  __main.o ABSOLUTE
    ../clib/angel/sys.s                      0x00000000   Number         0  use_no_semi.o ABSOLUTE
    ../clib/angel/sys.s                      0x00000000   Number         0  indicate_semi.o ABSOLUTE
    ../clib/angel/sys.s                      0x00000000   Number         0  libspace.o ABSOLUTE
    ../clib/angel/sys.s                      0x00000000   Number         0  sys_stackheap_outer.o ABSOLUTE
    ../clib/angel/sys.s                      0x00000000   Number         0  tempstk.o ABSOLUTE
    ../clib/angel/sys.s                      0x00000000   Number         0  sys_stackheap.o ABSOLUTE
    ../clib/angel/sysapp.c                   0x00000000   Number         0  sys_command.o ABSOLUTE
    ../clib/angel/sysapp.c                   0x00000000   Number         0  sys_exit.o ABSOLUTE
    ../clib/angel/sysapp.c                   0x00000000   Number         0  sys_wrch.o ABSOLUTE
    ../clib/armsys.c                         0x00000000   Number         0  no_argv.o ABSOLUTE
    ../clib/armsys.c                         0x00000000   Number         0  _get_argv_nomalloc.o ABSOLUTE
    ../clib/armsys.c                         0x00000000   Number         0  argv_veneer.o ABSOLUTE
    ../clib/bigflt.c                         0x00000000   Number         0  bigflt0.o ABSOLUTE
    ../clib/btod.c                           0x00000000   Number         0  btod.o ABSOLUTE
    ../clib/division.c                       0x00000000   Number         0  lludiv10.o ABSOLUTE
    ../clib/division.c                       0x00000000   Number         0  rtudiv10.o ABSOLUTE
    ../clib/division.s                       0x00000000   Number         0  aeabi_sdiv_div0.o ABSOLUTE
    ../clib/division.s                       0x00000000   Number         0  aeabi_sdiv.o ABSOLUTE
    ../clib/fenv.c                           0x00000000   Number         0  _rserrno.o ABSOLUTE
    ../clib/heapalloc.c                      0x00000000   Number         0  hrguard.o ABSOLUTE
    ../clib/libinit.s                        0x00000000   Number         0  libinit2.o ABSOLUTE
    ../clib/libinit.s                        0x00000000   Number         0  libshutdown.o ABSOLUTE
    ../clib/libinit.s                        0x00000000   Number         0  libinit.o ABSOLUTE
    ../clib/libinit.s                        0x00000000   Number         0  libinit5.o ABSOLUTE
    ../clib/libinit.s                        0x00000000   Number         0  libshutdown2.o ABSOLUTE
    ../clib/locale.s                         0x00000000   Number         0  lc_numeric_c.o ABSOLUTE
    ../clib/memcpset.c                       0x00000000   Number         0  rt_memcpy.o ABSOLUTE
    ../clib/memcpset.c                       0x00000000   Number         0  rt_memcpy.o ABSOLUTE
    ../clib/misc.s                           0x00000000   Number         0  printf_stubs.o ABSOLUTE
    ../clib/printf.c                         0x00000000   Number         0  __printf.o ABSOLUTE
    ../clib/printf.c                         0x00000000   Number         0  _printf_dec.o ABSOLUTE
    ../clib/printf.c                         0x00000000   Number         0  __printf_ss.o ABSOLUTE
    ../clib/printf.c                         0x00000000   Number         0  __printf_flags_ss.o ABSOLUTE
    ../clib/printf.c                         0x00000000   Number         0  __printf_wp.o ABSOLUTE
    ../clib/printf.c                         0x00000000   Number         0  __printf_flags_wp.o ABSOLUTE
    ../clib/printf.c                         0x00000000   Number         0  __printf_ss_wp.o ABSOLUTE
    ../clib/printf.c                         0x00000000   Number         0  __printf_flags_ss_wp.o ABSOLUTE
    ../clib/printf.c                         0x00000000   Number         0  __printf_nopercent.o ABSOLUTE
    ../clib/printf.c                         0x00000000   Number         0  __printf_flags.o ABSOLUTE
    ../clib/printf.c                         0x00000000   Number         0  _printf_intcommon.o ABSOLUTE
    ../clib/printf.c                         0x00000000   Number         0  _printf_fp_dec.o ABSOLUTE
    ../clib/printf.c                         0x00000000   Number         0  _printf_char_common.o ABSOLUTE
    ../clib/printf.c                         0x00000000   Number         0  _sputc.o ABSOLUTE
    ../clib/printf.c                         0x00000000   Number         0  _printf_fp_infnan.o ABSOLUTE
    ../clib/printf.c                         0x00000000   Number         0  __2sprintf.o ABSOLUTE
    ../clib/printf.c                         0x00000000   Number         0  noretval__2sprintf.o ABSOLUTE
    ../clib/printf_percent.s                 0x00000000   Number         0  _printf_percent.o ABSOLUTE
    ../clib/printf_percent.s                 0x00000000   Number         0  _printf_f.o ABSOLUTE
    ../clib/printf_percent.s                 0x00000000   Number         0  _printf_u.o ABSOLUTE
    ../clib/printf_percent.s                 0x00000000   Number         0  _printf_d.o ABSOLUTE
    ../clib/printf_percent.s                 0x00000000   Number         0  _printf_percent_end.o ABSOLUTE
    ../clib/signal.c                         0x00000000   Number         0  defsig_rtred_inner.o ABSOLUTE
    ../clib/signal.c                         0x00000000   Number         0  defsig_other.o ABSOLUTE
    ../clib/signal.c                         0x00000000   Number         0  defsig_segv_inner.o ABSOLUTE
    ../clib/signal.c                         0x00000000   Number         0  defsig_cppl_inner.o ABSOLUTE
    ../clib/signal.c                         0x00000000   Number         0  defsig_pvfn_inner.o ABSOLUTE
    ../clib/signal.c                         0x00000000   Number         0  defsig_stak_inner.o ABSOLUTE
    ../clib/signal.c                         0x00000000   Number         0  defsig_rtmem_inner.o ABSOLUTE
    ../clib/signal.c                         0x00000000   Number         0  defsig_exit.o ABSOLUTE
    ../clib/signal.c                         0x00000000   Number         0  defsig_abrt_inner.o ABSOLUTE
    ../clib/signal.c                         0x00000000   Number         0  defsig_rtmem_formal.o ABSOLUTE
    ../clib/signal.c                         0x00000000   Number         0  defsig_rtmem_outer.o ABSOLUTE
    ../clib/signal.c                         0x00000000   Number         0  defsig_fpe_outer.o ABSOLUTE
    ../clib/signal.c                         0x00000000   Number         0  defsig_fpe_formal.o ABSOLUTE
    ../clib/signal.c                         0x00000000   Number         0  defsig_general.o ABSOLUTE
    ../clib/signal.c                         0x00000000   Number         0  __raise.o ABSOLUTE
    ../clib/signal.c                         0x00000000   Number         0  defsig_fpe_inner.o ABSOLUTE
    ../clib/signal.s                         0x00000000   Number         0  defsig.o ABSOLUTE
    ../clib/stdlib.c                         0x00000000   Number         0  exit.o ABSOLUTE
    ../clib/string.c                         0x00000000   Number         0  strcmp.o ABSOLUTE
    ../fplib/cfplib/cmpret.c                 0x00000000   Number         0  cmpret.o ABSOLUTE
    ../fplib/cfplib/d2f.c                    0x00000000   Number         0  d2f.o ABSOLUTE
    ../fplib/cfplib/daddsub.c                0x00000000   Number         0  daddsub.o ABSOLUTE
    ../fplib/cfplib/dcmpin.c                 0x00000000   Number         0  dcmpin.o ABSOLUTE
    ../fplib/cfplib/ddiv.c                   0x00000000   Number         0  ddiv.o ABSOLUTE
    ../fplib/cfplib/dmul.c                   0x00000000   Number         0  dmul.o ABSOLUTE
    ../fplib/cfplib/f2d.c                    0x00000000   Number         0  f2d.o ABSOLUTE
    ../fplib/cfplib/ffix.c                   0x00000000   Number         0  ffixui.o ABSOLUTE
    ../fplib/cfplib/fflt.c                   0x00000000   Number         0  dflti.o ABSOLUTE
    ../fplib/cfplib/fflt.c                   0x00000000   Number         0  fflti.o ABSOLUTE
    ../fplib/cfplib/fpinit.c                 0x00000000   Number         0  fpinit.o ABSOLUTE
    ../fplib/cfplib/ieee_status.c            0x00000000   Number         0  ieee_status.o ABSOLUTE
    ../fplib/cfplib/nan2.c                   0x00000000   Number         0  dnan2.o ABSOLUTE
    ../fplib/cfplib/retnan.c                 0x00000000   Number         0  retnan.o ABSOLUTE
    ../fplib/cfplib/scalbn.c                 0x00000000   Number         0  dscalbn.o ABSOLUTE
    ../fplib/deqf6m.s                        0x00000000   Number         0  deqf.o ABSOLUTE
    ../fplib/printf1.s                       0x00000000   Number         0  printf1.o ABSOLUTE
    ../fplib/usenofp.s                       0x00000000   Number         0  usenofp.o ABSOLUTE
    ../mathlib/atan.c                        0x00000000   Number         0  atan_x.o ABSOLUTE
    ../mathlib/atan.c                        0x00000000   Number         0  atan.o ABSOLUTE
    ../mathlib/atan2.c                       0x00000000   Number         0  atan2.o ABSOLUTE
    ../mathlib/atan2.c                       0x00000000   Number         0  atan2_x.o ABSOLUTE
    ../mathlib/dunder.c                      0x00000000   Number         0  dunder.o ABSOLUTE
    ../mathlib/fpclassify.c                  0x00000000   Number         0  fpclassify.o ABSOLUTE
    ../mathlib/poly.c                        0x00000000   Number         0  poly.o ABSOLUTE
    ../mathlib/qnan.c                        0x00000000   Number         0  qnan.o ABSOLUTE
    RTE/Device/MKL46Z256VLL4/startup_MKL46Z4.s 0x00000000   Number         0  startup_mkl46z4.o ABSOLUTE
    RTE/Device/MKL46Z256VLL4/system_MKL46Z4.c 0x00000000   Number         0  system_mkl46z4.o ABSOLUTE
    RTE\Device\MKL46Z256VLL4\system_MKL46Z4.c 0x00000000   Number         0  system_mkl46z4.o ABSOLUTE
    dc.s                                     0x00000000   Number         0  dc.o ABSOLUTE
    i2c.c                                    0x00000000   Number         0  i2c.o ABSOLUTE
    i2c.c                                    0x00000000   Number         0  i2c.o ABSOLUTE
    init.c                                   0x00000000   Number         0  init.o ABSOLUTE
    init.c                                   0x00000000   Number         0  init.o ABSOLUTE
    lcd.c                                    0x00000000   Number         0  lcd.o ABSOLUTE
    lcd.c                                    0x00000000   Number         0  lcd.o ABSOLUTE
    mag3110.c                                0x00000000   Number         0  mag3110.o ABSOLUTE
    mag3110.c                                0x00000000   Number         0  mag3110.o ABSOLUTE
    main.c                                   0x00000000   Number         0  main.o ABSOLUTE
    main.c                                   0x00000000   Number         0  main.o ABSOLUTE
    uart.c                                   0x00000000   Number         0  uart.o ABSOLUTE
    uart.c                                   0x00000000   Number         0  uart.o ABSOLUTE
    FlashConfig                              0x00000400   Section       16  startup_mkl46z4.o(FlashConfig)
    !!!main                                  0x00000410   Section        8  __main.o(!!!main)
    !!!scatter                               0x00000418   Section       60  __scatter.o(!!!scatter)
    !!handler_copy                           0x00000454   Section       26  __scatter_copy.o(!!handler_copy)
    !!handler_zi                             0x00000470   Section       28  __scatter_zi.o(!!handler_zi)
    .ARM.Collect$$_printf_percent$$00000000  0x0000048c   Section        2  _printf_percent.o(.ARM.Collect$$_printf_percent$$00000000)
    .ARM.Collect$$_printf_percent$$00000003  0x0000048e   Section       10  _printf_f.o(.ARM.Collect$$_printf_percent$$00000003)
    .ARM.Collect$$_printf_percent$$00000017  0x00000498   Section        4  _printf_percent_end.o(.ARM.Collect$$_printf_percent$$00000017)
    .ARM.Collect$$libinit$$00000000          0x0000049c   Section        2  libinit.o(.ARM.Collect$$libinit$$00000000)
    .ARM.Collect$$libinit$$00000002          0x0000049e   Section        0  libinit2.o(.ARM.Collect$$libinit$$00000002)
    .ARM.Collect$$libinit$$00000004          0x0000049e   Section        0  libinit2.o(.ARM.Collect$$libinit$$00000004)
    .ARM.Collect$$libinit$$0000000A          0x0000049e   Section        0  libinit2.o(.ARM.Collect$$libinit$$0000000A)
    .ARM.Collect$$libinit$$0000000C          0x0000049e   Section        0  libinit2.o(.ARM.Collect$$libinit$$0000000C)
    .ARM.Collect$$libinit$$0000000E          0x0000049e   Section        0  libinit2.o(.ARM.Collect$$libinit$$0000000E)
    .ARM.Collect$$libinit$$0000000F          0x0000049e   Section        6  libinit2.o(.ARM.Collect$$libinit$$0000000F)
    .ARM.Collect$$libinit$$00000011          0x000004a4   Section        0  libinit2.o(.ARM.Collect$$libinit$$00000011)
    .ARM.Collect$$libinit$$00000013          0x000004a4   Section        0  libinit2.o(.ARM.Collect$$libinit$$00000013)
    .ARM.Collect$$libinit$$00000015          0x000004a4   Section        0  libinit2.o(.ARM.Collect$$libinit$$00000015)
    .ARM.Collect$$libinit$$00000016          0x000004a4   Section       10  libinit2.o(.ARM.Collect$$libinit$$00000016)
    .ARM.Collect$$libinit$$00000017          0x000004ae   Section        0  libinit2.o(.ARM.Collect$$libinit$$00000017)
    .ARM.Collect$$libinit$$00000019          0x000004ae   Section        0  libinit2.o(.ARM.Collect$$libinit$$00000019)
    .ARM.Collect$$libinit$$0000001B          0x000004ae   Section        0  libinit2.o(.ARM.Collect$$libinit$$0000001B)
    .ARM.Collect$$libinit$$0000001D          0x000004ae   Section        0  libinit2.o(.ARM.Collect$$libinit$$0000001D)
    .ARM.Collect$$libinit$$0000001F          0x000004ae   Section        0  libinit2.o(.ARM.Collect$$libinit$$0000001F)
    .ARM.Collect$$libinit$$00000021          0x000004ae   Section        0  libinit2.o(.ARM.Collect$$libinit$$00000021)
    .ARM.Collect$$libinit$$00000023          0x000004ae   Section        0  libinit2.o(.ARM.Collect$$libinit$$00000023)
    .ARM.Collect$$libinit$$00000025          0x000004ae   Section        0  libinit2.o(.ARM.Collect$$libinit$$00000025)
    .ARM.Collect$$libinit$$0000002C          0x000004ae   Section        0  libinit2.o(.ARM.Collect$$libinit$$0000002C)
    .ARM.Collect$$libinit$$0000002E          0x000004ae   Section        0  libinit2.o(.ARM.Collect$$libinit$$0000002E)
    .ARM.Collect$$libinit$$00000030          0x000004ae   Section        0  libinit2.o(.ARM.Collect$$libinit$$00000030)
    .ARM.Collect$$libinit$$00000032          0x000004ae   Section        0  libinit2.o(.ARM.Collect$$libinit$$00000032)
    .ARM.Collect$$libinit$$00000033          0x000004ae   Section        2  libinit2.o(.ARM.Collect$$libinit$$00000033)
    .ARM.Collect$$libshutdown$$00000000      0x000004b0   Section        2  libshutdown.o(.ARM.Collect$$libshutdown$$00000000)
    .ARM.Collect$$libshutdown$$00000002      0x000004b2   Section        0  libshutdown2.o(.ARM.Collect$$libshutdown$$00000002)
    .ARM.Collect$$libshutdown$$00000004      0x000004b2   Section        0  libshutdown2.o(.ARM.Collect$$libshutdown$$00000004)
    .ARM.Collect$$libshutdown$$00000006      0x000004b2   Section        0  libshutdown2.o(.ARM.Collect$$libshutdown$$00000006)
    .ARM.Collect$$libshutdown$$00000009      0x000004b2   Section        0  libshutdown2.o(.ARM.Collect$$libshutdown$$00000009)
    .ARM.Collect$$libshutdown$$0000000C      0x000004b2   Section        0  libshutdown2.o(.ARM.Collect$$libshutdown$$0000000C)
    .ARM.Collect$$libshutdown$$0000000E      0x000004b2   Section        0  libshutdown2.o(.ARM.Collect$$libshutdown$$0000000E)
    .ARM.Collect$$libshutdown$$00000011      0x000004b2   Section        0  libshutdown2.o(.ARM.Collect$$libshutdown$$00000011)
    .ARM.Collect$$libshutdown$$00000012      0x000004b2   Section        2  libshutdown2.o(.ARM.Collect$$libshutdown$$00000012)
    .ARM.Collect$$rtentry$$00000000          0x000004b4   Section        0  __rtentry.o(.ARM.Collect$$rtentry$$00000000)
    .ARM.Collect$$rtentry$$00000002          0x000004b4   Section        0  __rtentry2.o(.ARM.Collect$$rtentry$$00000002)
    .ARM.Collect$$rtentry$$00000007          0x000004b4   Section        4  __rtentry7.o(.ARM.Collect$$rtentry$$00000007)
    .ARM.Collect$$rtentry$$00000009          0x000004b8   Section        0  __rtentry2.o(.ARM.Collect$$rtentry$$00000009)
    .ARM.Collect$$rtentry$$0000000A          0x000004b8   Section        4  __rtentry2.o(.ARM.Collect$$rtentry$$0000000A)
    .ARM.Collect$$rtentry$$0000000C          0x000004bc   Section        0  __rtentry2.o(.ARM.Collect$$rtentry$$0000000C)
    .ARM.Collect$$rtentry$$0000000D          0x000004bc   Section        8  __rtentry2.o(.ARM.Collect$$rtentry$$0000000D)
    .ARM.Collect$$rtentry$$00002718          0x000004c4   Section        4  __rtentry7.o(.ARM.Collect$$rtentry$$00002718)
    __lit__00000000                          0x000004c4   Data           4  __rtentry7.o(.ARM.Collect$$rtentry$$00002718)
    .ARM.Collect$$rtexit$$00000000           0x000004c8   Section        2  rtexit.o(.ARM.Collect$$rtexit$$00000000)
    .ARM.Collect$$rtexit$$00000002           0x000004ca   Section        0  rtexit2.o(.ARM.Collect$$rtexit$$00000002)
    .ARM.Collect$$rtexit$$00000003           0x000004ca   Section        4  rtexit2.o(.ARM.Collect$$rtexit$$00000003)
    .ARM.Collect$$rtexit$$00000004           0x000004ce   Section        6  rtexit2.o(.ARM.Collect$$rtexit$$00000004)
    .emb_text                                0x000004d4   Section       56  rt_memcpy.o(.emb_text)
    .text                                    0x0000050c   Section      156  startup_mkl46z4.o(.text)
    .text                                    0x000005a8   Section        0  noretval__2sprintf.o(.text)
    .text                                    0x000005d0   Section        0  __printf_wp.o(.text)
    .text                                    0x000006de   Section        0  rt_memcpy.o(.text)
    .text                                    0x00000760   Section      346  aeabi_sdiv.o(.text)
    .text                                    0x000008bc   Section        0  d2f.o(.text)
    .text                                    0x00000938   Section        0  dflti.o(.text)
    .text                                    0x00000990   Section        0  dmul.o(.text)
    .text                                    0x00000bd8   Section        0  f2d.o(.text)
    .text                                    0x00000c2c   Section        0  ffixui.o(.text)
    .text                                    0x00000c5c   Section        0  fflti.o(.text)
    .text                                    0x00000cba   Section        0  _rserrno.o(.text)
    .text                                    0x00000cd0   Section        0  _printf_fp_dec.o(.text)
    _fp_digits                               0x00000cd3   Thumb Code   412  _printf_fp_dec.o(.text)
    .text                                    0x000010e8   Section        0  _printf_char_common.o(.text)
    _printf_input_char                       0x000010e9   Thumb Code    10  _printf_char_common.o(.text)
    .text                                    0x00001118   Section        0  _sputc.o(.text)
    .text                                    0x00001122   Section        0  rtudiv10.o(.text)
    .text                                    0x0000114c   Section        0  daddsub.o(.text)
    _dadd1                                   0x0000114d   Thumb Code   290  daddsub.o(.text)
    _dsub1                                   0x0000126f   Thumb Code   470  daddsub.o(.text)
    .text                                    0x000014a4   Section        0  ddiv.o(.text)
    .text                                    0x000018ec   Section        8  rt_locale_intlibspace.o(.text)
    .text                                    0x000018f4   Section        8  rt_errno_addr_intlibspace.o(.text)
    .text                                    0x000018fc   Section        0  lludiv10.o(.text)
    .text                                    0x00001978   Section        0  _printf_fp_infnan.o(.text)
    .text                                    0x00001a00   Section        0  bigflt0.o(.text)
    .text                                    0x00001ad8   Section        0  btod.o(.text)
    btod_internal_mul                        0x00001b19   Thumb Code   492  btod.o(.text)
    btod_internal_div                        0x00001d05   Thumb Code   520  btod.o(.text)
    .text                                    0x00002058   Section        0  dcmpin.o(.text)
    .text                                    0x000020e8   Section        0  dscalbn.o(.text)
    .text                                    0x00002148   Section        0  exit.o(.text)
    .text                                    0x00002158   Section        0  strcmp.o(.text)
    .text                                    0x000021e0   Section        0  cmpret.o(.text)
    .text                                    0x00002210   Section        0  dnan2.o(.text)
    .text                                    0x00002224   Section        0  retnan.o(.text)
    .text                                    0x00002284   Section        0  sys_exit.o(.text)
    .text                                    0x00002290   Section        2  use_no_semi.o(.text)
    .text                                    0x00002292   Section        0  indicate_semi.o(.text)
    i.Delay                                  0x00002294   Section        0  init.o(i.Delay)
    i.Delay_mag                              0x000022ac   Section        0  mag3110.o(i.Delay_mag)
    i.I2C_read                               0x000022b8   Section        0  i2c.o(i.I2C_read)
    i.I2C_write                              0x00002394   Section        0  i2c.o(i.I2C_write)
    i.LCD_DisplayDecimal                     0x00002414   Section        0  lcd.o(i.LCD_DisplayDecimal)
    i.LCD_DisplayError                       0x00002478   Section        0  lcd.o(i.LCD_DisplayError)
    i.LCD_Set                                0x000024a8   Section        0  lcd.o(i.LCD_Set)
    i.PORTC_PORTD_IRQHandler                 0x000025f0   Section        0  init.o(i.PORTC_PORTD_IRQHandler)
    i.SysTick_Handler                        0x00002678   Section        0  init.o(i.SysTick_Handler)
    i.SystemInit                             0x00002688   Section        0  system_mkl46z4.o(i.SystemInit)
    i.SystemInitHook                         0x0000269c   Section        0  system_mkl46z4.o(i.SystemInitHook)
    i.UART_Init                              0x000026a0   Section        0  uart.o(i.UART_Init)
    i.UART_SendChar                          0x0000277c   Section        0  uart.o(i.UART_SendChar)
    i.UART_SendFloat                         0x00002794   Section        0  uart.o(i.UART_SendFloat)
    i.UART_SendString                        0x000027c0   Section        0  uart.o(i.UART_SendString)
    i.__ARM_common_ll_muluu                  0x000027d6   Section        0  btod.o(i.__ARM_common_ll_muluu)
    i.__ARM_fpclassify                       0x00002808   Section        0  fpclassify.o(i.__ARM_fpclassify)
    i.__NVIC_SetPriority                     0x00002834   Section        0  init.o(i.__NVIC_SetPriority)
    __NVIC_SetPriority                       0x00002835   Thumb Code   110  init.o(i.__NVIC_SetPriority)
    i.__kernel_poly                          0x000028ac   Section        0  poly.o(i.__kernel_poly)
    i.__mathlib_dbl_infnan                   0x00002958   Section        0  dunder.o(i.__mathlib_dbl_infnan)
    i.__mathlib_dbl_infnan2                  0x00002962   Section        0  dunder.o(i.__mathlib_dbl_infnan2)
    i.__mathlib_dbl_underflow                0x0000296c   Section        0  dunder.o(i.__mathlib_dbl_underflow)
    i._is_digit                              0x00002980   Section        0  __printf_wp.o(i._is_digit)
    i.atan                                   0x00002990   Section        0  atan.o(i.atan)
    i.atan2                                  0x00002bac   Section        0  atan2.o(i.atan2)
    i.init_CLK                               0x00002d48   Section        0  init.o(i.init_CLK)
    i.init_I2C                               0x00002d9c   Section        0  i2c.o(i.init_I2C)
    i.init_ITR_SW                            0x00002de8   Section        0  init.o(i.init_ITR_SW)
    i.init_LCD                               0x00002e40   Section        0  lcd.o(i.init_LCD)
    i.init_LED                               0x00002f1c   Section        0  init.o(i.init_LED)
    i.init_MAG3110                           0x00002f60   Section        0  mag3110.o(i.init_MAG3110)
    i.init_SW                                0x00002f74   Section        0  init.o(i.init_SW)
    i.init_SysTick_interrupt                 0x00002f98   Section        0  init.o(i.init_SysTick_interrupt)
    i.mag_read                               0x00002fb8   Section        0  mag3110.o(i.mag_read)
    i.main                                   0x0000304c   Section        0  main.o(i.main)
    i.reset_LED                              0x00003148   Section        0  init.o(i.reset_LED)
    i.toggle_LED                             0x0000316c   Section        0  init.o(i.toggle_LED)
    locale$$code                             0x000031c8   Section       44  lc_numeric_c.o(locale$$code)
    x$fpl$deqf                               0x000031f4   Section      100  deqf.o(x$fpl$deqf)
    x$fpl$printf1                            0x00003258   Section       16  printf1.o(x$fpl$printf1)
    .constdata                               0x00003268   Section       12  lcd.o(.constdata)
    x$fpl$usenofp                            0x00003268   Section        0  usenofp.o(x$fpl$usenofp)
    LCD_Frontplane_Pin                       0x00003268   Data           8  lcd.o(.constdata)
    LCD_Backplane_Pin                        0x00003270   Data           4  lcd.o(.constdata)
    .constdata                               0x00003274   Section      128  ddiv.o(.constdata)
    ddiv_reciptbl                            0x00003274   Data         128  ddiv.o(.constdata)
    .constdata                               0x000032f8   Section      152  atan.o(.constdata)
    atanhi                                   0x000032f8   Data          32  atan.o(.constdata)
    atanlo                                   0x00003318   Data          32  atan.o(.constdata)
    aTodd                                    0x00003338   Data          40  atan.o(.constdata)
    aTeven                                   0x00003360   Data          48  atan.o(.constdata)
    .constdata                               0x00003390   Section        8  qnan.o(.constdata)
    .constdata                               0x00003398   Section      148  bigflt0.o(.constdata)
    tenpwrs_x                                0x00003398   Data          60  bigflt0.o(.constdata)
    tenpwrs_i                                0x000033d4   Data          64  bigflt0.o(.constdata)
    locale$$data                             0x0000344c   Section       28  lc_numeric_c.o(locale$$data)
    __lcnum_c_name                           0x00003450   Data           2  lc_numeric_c.o(locale$$data)
    __lcnum_c_start                          0x00003458   Data           0  lc_numeric_c.o(locale$$data)
    __lcnum_c_point                          0x00003464   Data           0  lc_numeric_c.o(locale$$data)
    __lcnum_c_thousands                      0x00003466   Data           0  lc_numeric_c.o(locale$$data)
    __lcnum_c_grouping                       0x00003467   Data           0  lc_numeric_c.o(locale$$data)
    __lcnum_c_end                            0x00003468   Data           0  lc_numeric_c.o(locale$$data)
    .data                                    0x1fffe000   Section       16  init.o(.data)
    .data                                    0x1fffe010   Section        4  system_mkl46z4.o(.data)
    .bss                                     0x1fffe014   Section       96  libspace.o(.bss)

    Global Symbols

    Symbol Name                              Value     Ov Type        Size  Object(Section)

    BuildAttributes$$THM_ISAv3M$S$PE$A:L22$X:L11$S22$IEEE1$IW$USESV6$~STKCKD$USESV7$~SHL$OTIME$ROPI$IEEEX$EBA8$UX$STANDARDLIB$REQ8$PRES8$EABIv2 0x00000000   Number         0  anon$$obj.o ABSOLUTE
    __ARM_use_no_argv                        0x00000000   Number         0  main.o ABSOLUTE
    __Vectors                                0x00000000   Data           4  startup_mkl46z4.o(RESET)
    _printf_flags                            0x00000000   Number         0  printf_stubs.o ABSOLUTE
    _printf_return_value                     0x00000000   Number         0  printf_stubs.o ABSOLUTE
    _printf_sizespec                         0x00000000   Number         0  printf_stubs.o ABSOLUTE
    _printf_widthprec                        0x00000000   Number         0  printf_stubs.o ABSOLUTE
    Image$$ZI$$Limit                          - Undefined Weak Reference
    __ARM_exceptions_init                     - Undefined Weak Reference
    __alloca_initialize                       - Undefined Weak Reference
    __arm_fini_                               - Undefined Weak Reference
    __arm_preinit_                            - Undefined Weak Reference
    __cpp_initialize__aeabi_                  - Undefined Weak Reference
    __cxa_finalize                            - Undefined Weak Reference
    __sigvec_lookup                           - Undefined Weak Reference
    _atexit_init                              - Undefined Weak Reference
    _call_atexit_fns                          - Undefined Weak Reference
    _clock_init                               - Undefined Weak Reference
    _fp_trap_init                             - Undefined Weak Reference
    _fp_trap_shutdown                         - Undefined Weak Reference
    _get_lc_collate                           - Undefined Weak Reference
    _get_lc_ctype                             - Undefined Weak Reference
    _get_lc_monetary                          - Undefined Weak Reference
    _get_lc_time                              - Undefined Weak Reference
    _getenv_init                              - Undefined Weak Reference
    _handle_redirection                       - Undefined Weak Reference
    _init_alloc                               - Undefined Weak Reference
    _init_user_alloc                          - Undefined Weak Reference
    _initio                                   - Undefined Weak Reference
    _printf_post_padding                      - Undefined Weak Reference
    _printf_pre_padding                       - Undefined Weak Reference
    _printf_truncate_signed                   - Undefined Weak Reference
    _printf_truncate_unsigned                 - Undefined Weak Reference
    _rand_init                                - Undefined Weak Reference
    _signal_finish                            - Undefined Weak Reference
    _signal_init                              - Undefined Weak Reference
    _terminate_alloc                          - Undefined Weak Reference
    _terminate_user_alloc                     - Undefined Weak Reference
    _terminateio                              - Undefined Weak Reference
    __Vectors_End                            0x000000c0   Data           0  startup_mkl46z4.o(RESET)
    __Vectors_Size                           0x000000c0   Number         0  startup_mkl46z4.o ABSOLUTE
    __main                                   0x00000411   Thumb Code     8  __main.o(!!!main)
    __scatterload                            0x00000419   Thumb Code     0  __scatter.o(!!!scatter)
    __scatterload_rt2                        0x00000419   Thumb Code    52  __scatter.o(!!!scatter)
    __scatterload_rt2_thumb_only             0x00000419   Thumb Code     0  __scatter.o(!!!scatter)
    __scatterload_null                       0x00000429   Thumb Code     0  __scatter.o(!!!scatter)
    __scatterload_copy                       0x00000455   Thumb Code    26  __scatter_copy.o(!!handler_copy)
    __scatterload_zeroinit                   0x00000471   Thumb Code    28  __scatter_zi.o(!!handler_zi)
    _printf_percent                          0x0000048d   Thumb Code     0  _printf_percent.o(.ARM.Collect$$_printf_percent$$00000000)
    _printf_f                                0x0000048f   Thumb Code     0  _printf_f.o(.ARM.Collect$$_printf_percent$$00000003)
    _printf_percent_end                      0x00000499   Thumb Code     0  _printf_percent_end.o(.ARM.Collect$$_printf_percent$$00000017)
    __rt_lib_init                            0x0000049d   Thumb Code     0  libinit.o(.ARM.Collect$$libinit$$00000000)
    __rt_lib_init_fp_1                       0x0000049f   Thumb Code     0  libinit2.o(.ARM.Collect$$libinit$$00000002)
    __rt_lib_init_heap_1                     0x0000049f   Thumb Code     0  libinit2.o(.ARM.Collect$$libinit$$0000000A)
    __rt_lib_init_lc_common                  0x0000049f   Thumb Code     0  libinit2.o(.ARM.Collect$$libinit$$0000000F)
    __rt_lib_init_preinit_1                  0x0000049f   Thumb Code     0  libinit2.o(.ARM.Collect$$libinit$$00000004)
    __rt_lib_init_rand_1                     0x0000049f   Thumb Code     0  libinit2.o(.ARM.Collect$$libinit$$0000000E)
    __rt_lib_init_user_alloc_1               0x0000049f   Thumb Code     0  libinit2.o(.ARM.Collect$$libinit$$0000000C)
    __rt_lib_init_lc_collate_1               0x000004a5   Thumb Code     0  libinit2.o(.ARM.Collect$$libinit$$00000011)
    __rt_lib_init_lc_ctype_1                 0x000004a5   Thumb Code     0  libinit2.o(.ARM.Collect$$libinit$$00000013)
    __rt_lib_init_lc_monetary_1              0x000004a5   Thumb Code     0  libinit2.o(.ARM.Collect$$libinit$$00000015)
    __rt_lib_init_lc_numeric_2               0x000004a5   Thumb Code     0  libinit2.o(.ARM.Collect$$libinit$$00000016)
    __rt_lib_init_alloca_1                   0x000004af   Thumb Code     0  libinit2.o(.ARM.Collect$$libinit$$0000002E)
    __rt_lib_init_argv_1                     0x000004af   Thumb Code     0  libinit2.o(.ARM.Collect$$libinit$$0000002C)
    __rt_lib_init_atexit_1                   0x000004af   Thumb Code     0  libinit2.o(.ARM.Collect$$libinit$$0000001B)
    __rt_lib_init_clock_1                    0x000004af   Thumb Code     0  libinit2.o(.ARM.Collect$$libinit$$00000021)
    __rt_lib_init_cpp_1                      0x000004af   Thumb Code     0  libinit2.o(.ARM.Collect$$libinit$$00000032)
    __rt_lib_init_exceptions_1               0x000004af   Thumb Code     0  libinit2.o(.ARM.Collect$$libinit$$00000030)
    __rt_lib_init_fp_trap_1                  0x000004af   Thumb Code     0  libinit2.o(.ARM.Collect$$libinit$$0000001F)
    __rt_lib_init_getenv_1                   0x000004af   Thumb Code     0  libinit2.o(.ARM.Collect$$libinit$$00000023)
    __rt_lib_init_lc_numeric_1               0x000004af   Thumb Code     0  libinit2.o(.ARM.Collect$$libinit$$00000017)
    __rt_lib_init_lc_time_1                  0x000004af   Thumb Code     0  libinit2.o(.ARM.Collect$$libinit$$00000019)
    __rt_lib_init_return                     0x000004af   Thumb Code     0  libinit2.o(.ARM.Collect$$libinit$$00000033)
    __rt_lib_init_signal_1                   0x000004af   Thumb Code     0  libinit2.o(.ARM.Collect$$libinit$$0000001D)
    __rt_lib_init_stdio_1                    0x000004af   Thumb Code     0  libinit2.o(.ARM.Collect$$libinit$$00000025)
    __rt_lib_shutdown                        0x000004b1   Thumb Code     0  libshutdown.o(.ARM.Collect$$libshutdown$$00000000)
    __rt_lib_shutdown_cpp_1                  0x000004b3   Thumb Code     0  libshutdown2.o(.ARM.Collect$$libshutdown$$00000004)
    __rt_lib_shutdown_fini_1                 0x000004b3   Thumb Code     0  libshutdown2.o(.ARM.Collect$$libshutdown$$00000002)
    __rt_lib_shutdown_fp_trap_1              0x000004b3   Thumb Code     0  libshutdown2.o(.ARM.Collect$$libshutdown$$00000009)
    __rt_lib_shutdown_heap_1                 0x000004b3   Thumb Code     0  libshutdown2.o(.ARM.Collect$$libshutdown$$00000011)
    __rt_lib_shutdown_return                 0x000004b3   Thumb Code     0  libshutdown2.o(.ARM.Collect$$libshutdown$$00000012)
    __rt_lib_shutdown_signal_1               0x000004b3   Thumb Code     0  libshutdown2.o(.ARM.Collect$$libshutdown$$0000000C)
    __rt_lib_shutdown_stdio_1                0x000004b3   Thumb Code     0  libshutdown2.o(.ARM.Collect$$libshutdown$$00000006)
    __rt_lib_shutdown_user_alloc_1           0x000004b3   Thumb Code     0  libshutdown2.o(.ARM.Collect$$libshutdown$$0000000E)
    __rt_entry                               0x000004b5   Thumb Code     0  __rtentry.o(.ARM.Collect$$rtentry$$00000000)
    __rt_entry_presh_1                       0x000004b5   Thumb Code     0  __rtentry2.o(.ARM.Collect$$rtentry$$00000002)
    __rt_entry_sh                            0x000004b5   Thumb Code     0  __rtentry7.o(.ARM.Collect$$rtentry$$00000007)
    __rt_entry_li                            0x000004b9   Thumb Code     0  __rtentry2.o(.ARM.Collect$$rtentry$$0000000A)
    __rt_entry_postsh_1                      0x000004b9   Thumb Code     0  __rtentry2.o(.ARM.Collect$$rtentry$$00000009)
    __rt_entry_main                          0x000004bd   Thumb Code     0  __rtentry2.o(.ARM.Collect$$rtentry$$0000000D)
    __rt_entry_postli_1                      0x000004bd   Thumb Code     0  __rtentry2.o(.ARM.Collect$$rtentry$$0000000C)
    __rt_exit                                0x000004c9   Thumb Code     0  rtexit.o(.ARM.Collect$$rtexit$$00000000)
    __rt_exit_ls                             0x000004cb   Thumb Code     0  rtexit2.o(.ARM.Collect$$rtexit$$00000003)
    __rt_exit_prels_1                        0x000004cb   Thumb Code     0  rtexit2.o(.ARM.Collect$$rtexit$$00000002)
    __rt_exit_exit                           0x000004cf   Thumb Code     0  rtexit2.o(.ARM.Collect$$rtexit$$00000004)
    __aeabi_memcpy4                          0x000004d5   Thumb Code    56  rt_memcpy.o(.emb_text)
    __aeabi_memcpy8                          0x000004d5   Thumb Code     0  rt_memcpy.o(.emb_text)
    Reset_Handler                            0x0000050d   Thumb Code    24  startup_mkl46z4.o(.text)
    NMI_Handler                              0x00000525   Thumb Code     2  startup_mkl46z4.o(.text)
    HardFault_Handler                        0x00000527   Thumb Code     2  startup_mkl46z4.o(.text)
    SVC_Handler                              0x00000529   Thumb Code     2  startup_mkl46z4.o(.text)
    PendSV_Handler                           0x0000052b   Thumb Code     2  startup_mkl46z4.o(.text)
    DMA0_IRQHandler                          0x0000052f   Thumb Code     4  startup_mkl46z4.o(.text)
    DMA1_IRQHandler                          0x00000533   Thumb Code     4  startup_mkl46z4.o(.text)
    DMA2_IRQHandler                          0x00000537   Thumb Code     4  startup_mkl46z4.o(.text)
    DMA3_IRQHandler                          0x0000053b   Thumb Code     4  startup_mkl46z4.o(.text)
    I2C0_IRQHandler                          0x0000053f   Thumb Code     4  startup_mkl46z4.o(.text)
    I2C1_IRQHandler                          0x00000543   Thumb Code     4  startup_mkl46z4.o(.text)
    SPI0_IRQHandler                          0x00000547   Thumb Code     4  startup_mkl46z4.o(.text)
    SPI1_IRQHandler                          0x0000054b   Thumb Code     4  startup_mkl46z4.o(.text)
    UART0_IRQHandler                         0x0000054f   Thumb Code     4  startup_mkl46z4.o(.text)
    UART1_IRQHandler                         0x00000553   Thumb Code     4  startup_mkl46z4.o(.text)
    UART2_IRQHandler                         0x00000557   Thumb Code     4  startup_mkl46z4.o(.text)
    I2S0_IRQHandler                          0x0000055b   Thumb Code     4  startup_mkl46z4.o(.text)
    ADC0_IRQHandler                          0x0000055f   Thumb Code     0  startup_mkl46z4.o(.text)
    CMP0_IRQHandler                          0x0000055f   Thumb Code     0  startup_mkl46z4.o(.text)
    DAC0_IRQHandler                          0x0000055f   Thumb Code     0  startup_mkl46z4.o(.text)
    DMA0_DriverIRQHandler                    0x0000055f   Thumb Code     0  startup_mkl46z4.o(.text)
    DMA1_DriverIRQHandler                    0x0000055f   Thumb Code     0  startup_mkl46z4.o(.text)
    DMA2_DriverIRQHandler                    0x0000055f   Thumb Code     0  startup_mkl46z4.o(.text)
    DMA3_DriverIRQHandler                    0x0000055f   Thumb Code     0  startup_mkl46z4.o(.text)
    DefaultISR                               0x0000055f   Thumb Code     0  startup_mkl46z4.o(.text)
    FTFA_IRQHandler                          0x0000055f   Thumb Code     0  startup_mkl46z4.o(.text)
    I2C0_DriverIRQHandler                    0x0000055f   Thumb Code     0  startup_mkl46z4.o(.text)
    I2C1_DriverIRQHandler                    0x0000055f   Thumb Code     0  startup_mkl46z4.o(.text)
    I2S0_DriverIRQHandler                    0x0000055f   Thumb Code     0  startup_mkl46z4.o(.text)
    LCD_IRQHandler                           0x0000055f   Thumb Code     0  startup_mkl46z4.o(.text)
    LLWU_IRQHandler                          0x0000055f   Thumb Code     0  startup_mkl46z4.o(.text)
    LPTMR0_IRQHandler                        0x0000055f   Thumb Code     0  startup_mkl46z4.o(.text)
    LVD_LVW_IRQHandler                       0x0000055f   Thumb Code     0  startup_mkl46z4.o(.text)
    MCG_IRQHandler                           0x0000055f   Thumb Code     0  startup_mkl46z4.o(.text)
    PIT_IRQHandler                           0x0000055f   Thumb Code     0  startup_mkl46z4.o(.text)
    PORTA_IRQHandler                         0x0000055f   Thumb Code     0  startup_mkl46z4.o(.text)
    RTC_IRQHandler                           0x0000055f   Thumb Code     0  startup_mkl46z4.o(.text)
    RTC_Seconds_IRQHandler                   0x0000055f   Thumb Code     0  startup_mkl46z4.o(.text)
    Reserved20_IRQHandler                    0x0000055f   Thumb Code     0  startup_mkl46z4.o(.text)
    SPI0_DriverIRQHandler                    0x0000055f   Thumb Code     0  startup_mkl46z4.o(.text)
    SPI1_DriverIRQHandler                    0x0000055f   Thumb Code     0  startup_mkl46z4.o(.text)
    TPM0_IRQHandler                          0x0000055f   Thumb Code     0  startup_mkl46z4.o(.text)
    TPM1_IRQHandler                          0x0000055f   Thumb Code     0  startup_mkl46z4.o(.text)
    TPM2_IRQHandler                          0x0000055f   Thumb Code     0  startup_mkl46z4.o(.text)
    TSI0_IRQHandler                          0x0000055f   Thumb Code     0  startup_mkl46z4.o(.text)
    UART0_DriverIRQHandler                   0x0000055f   Thumb Code     0  startup_mkl46z4.o(.text)
    UART1_DriverIRQHandler                   0x0000055f   Thumb Code     0  startup_mkl46z4.o(.text)
    UART2_DriverIRQHandler                   0x0000055f   Thumb Code     0  startup_mkl46z4.o(.text)
    USB0_IRQHandler                          0x0000055f   Thumb Code     0  startup_mkl46z4.o(.text)
    __2sprintf                               0x000005a9   Thumb Code    36  noretval__2sprintf.o(.text)
    __printf                                 0x000005d1   Thumb Code   270  __printf_wp.o(.text)
    __aeabi_memcpy                           0x000006df   Thumb Code   130  rt_memcpy.o(.text)
    __rt_memcpy                              0x000006df   Thumb Code     0  rt_memcpy.o(.text)
    __aeabi_uidiv                            0x00000761   Thumb Code     0  aeabi_sdiv.o(.text)
    __aeabi_uidivmod                         0x00000761   Thumb Code    20  aeabi_sdiv.o(.text)
    __aeabi_idiv                             0x00000775   Thumb Code     0  aeabi_sdiv.o(.text)
    __aeabi_idivmod                          0x00000775   Thumb Code   326  aeabi_sdiv.o(.text)
    __aeabi_d2f                              0x000008bd   Thumb Code     0  d2f.o(.text)
    _d2f                                     0x000008bd   Thumb Code   120  d2f.o(.text)
    __aeabi_i2d_normalise                    0x00000939   Thumb Code    66  dflti.o(.text)
    __aeabi_i2d                              0x0000097b   Thumb Code    16  dflti.o(.text)
    _dflt                                    0x0000097b   Thumb Code     0  dflti.o(.text)
    __aeabi_ui2d                             0x0000098b   Thumb Code     6  dflti.o(.text)
    _dfltu                                   0x0000098b   Thumb Code     0  dflti.o(.text)
    __aeabi_dmul                             0x00000991   Thumb Code     0  dmul.o(.text)
    _dmul                                    0x00000991   Thumb Code   558  dmul.o(.text)
    __aeabi_f2d                              0x00000bd9   Thumb Code     0  f2d.o(.text)
    _f2d                                     0x00000bd9   Thumb Code    80  f2d.o(.text)
    __aeabi_f2uiz                            0x00000c2d   Thumb Code     0  ffixui.o(.text)
    _ffixu                                   0x00000c2d   Thumb Code    48  ffixui.o(.text)
    __aeabi_i2f_normalise                    0x00000c5d   Thumb Code    72  fflti.o(.text)
    __aeabi_i2f                              0x00000ca5   Thumb Code    16  fflti.o(.text)
    _fflt                                    0x00000ca5   Thumb Code     0  fflti.o(.text)
    __aeabi_ui2f                             0x00000cb5   Thumb Code     6  fflti.o(.text)
    _ffltu                                   0x00000cb5   Thumb Code     0  fflti.o(.text)
    __read_errno                             0x00000cbb   Thumb Code    10  _rserrno.o(.text)
    __set_errno                              0x00000cc5   Thumb Code    12  _rserrno.o(.text)
    __lib_sel_fp_printf                      0x00000cd1   Thumb Code     2  _printf_fp_dec.o(.text)
    _printf_fp_dec_real                      0x00000e6f   Thumb Code   620  _printf_fp_dec.o(.text)
    _printf_char_common                      0x000010f3   Thumb Code    32  _printf_char_common.o(.text)
    _sputc                                   0x00001119   Thumb Code    10  _sputc.o(.text)
    __rt_udiv10                              0x00001123   Thumb Code    40  rtudiv10.o(.text)
    __aeabi_dadd                             0x00001445   Thumb Code     0  daddsub.o(.text)
    _dadd                                    0x00001445   Thumb Code    26  daddsub.o(.text)
    __aeabi_dsub                             0x0000145f   Thumb Code     0  daddsub.o(.text)
    _dsub                                    0x0000145f   Thumb Code    22  daddsub.o(.text)
    __aeabi_drsub                            0x00001475   Thumb Code     0  daddsub.o(.text)
    _drsb                                    0x00001475   Thumb Code    28  daddsub.o(.text)
    __aeabi_ddiv                             0x000014a5   Thumb Code     0  ddiv.o(.text)
    _ddiv                                    0x000014a5   Thumb Code  1072  ddiv.o(.text)
    _drdiv                                   0x000018d5   Thumb Code    20  ddiv.o(.text)
    __rt_locale                              0x000018ed   Thumb Code     8  rt_locale_intlibspace.o(.text)
    __aeabi_errno_addr                       0x000018f5   Thumb Code     8  rt_errno_addr_intlibspace.o(.text)
    __errno$intlibspace                      0x000018f5   Thumb Code     0  rt_errno_addr_intlibspace.o(.text)
    __rt_errno_addr$intlibspace              0x000018f5   Thumb Code     0  rt_errno_addr_intlibspace.o(.text)
    _ll_udiv10                               0x000018fd   Thumb Code   122  lludiv10.o(.text)
    _printf_fp_infnan                        0x00001979   Thumb Code   120  _printf_fp_infnan.o(.text)
    _btod_etento                             0x00001a01   Thumb Code   210  bigflt0.o(.text)
    _btod_d2e                                0x00001ad9   Thumb Code    64  btod.o(.text)
    _btod_emul                               0x00001f0d   Thumb Code    28  btod.o(.text)
    _btod_emuld                              0x00001f29   Thumb Code   144  btod.o(.text)
    _btod_ediv                               0x00001fb9   Thumb Code    26  btod.o(.text)
    _btod_edivd                              0x00001fd3   Thumb Code   124  btod.o(.text)
    __fpl_dcmp_InfNaN                        0x00002059   Thumb Code   140  dcmpin.o(.text)
    __ARM_scalbn                             0x000020e9   Thumb Code    84  dscalbn.o(.text)
    exit                                     0x00002149   Thumb Code    16  exit.o(.text)
    strcmp                                   0x00002159   Thumb Code   132  strcmp.o(.text)
    __fpl_cmpreturn                          0x000021e1   Thumb Code    46  cmpret.o(.text)
    __fpl_dcheck_NaN2                        0x00002211   Thumb Code    14  dnan2.o(.text)
    __fpl_return_NaN                         0x00002225   Thumb Code    94  retnan.o(.text)
    _sys_exit                                0x00002285   Thumb Code     8  sys_exit.o(.text)
    __I$use$semihosting                      0x00002291   Thumb Code     0  use_no_semi.o(.text)
    __use_no_semihosting_swi                 0x00002291   Thumb Code     2  use_no_semi.o(.text)
    __semihosting_library_function           0x00002293   Thumb Code     0  indicate_semi.o(.text)
    Delay                                    0x00002295   Thumb Code    18  init.o(i.Delay)
    Delay_mag                                0x000022ad   Thumb Code    12  mag3110.o(i.Delay_mag)
    I2C_read                                 0x000022b9   Thumb Code   216  i2c.o(i.I2C_read)
    I2C_write                                0x00002395   Thumb Code   122  i2c.o(i.I2C_write)
    LCD_DisplayDecimal                       0x00002415   Thumb Code    98  lcd.o(i.LCD_DisplayDecimal)
    LCD_DisplayError                         0x00002479   Thumb Code    42  lcd.o(i.LCD_DisplayError)
    LCD_Set                                  0x000024a9   Thumb Code   318  lcd.o(i.LCD_Set)
    PORTC_PORTD_IRQHandler                   0x000025f1   Thumb Code   122  init.o(i.PORTC_PORTD_IRQHandler)
    SysTick_Handler                          0x00002679   Thumb Code    12  init.o(i.SysTick_Handler)
    SystemInit                               0x00002689   Thumb Code    14  system_mkl46z4.o(i.SystemInit)
    SystemInitHook                           0x0000269d   Thumb Code     2  system_mkl46z4.o(i.SystemInitHook)
    UART_Init                                0x000026a1   Thumb Code   202  uart.o(i.UART_Init)
    UART_SendChar                            0x0000277d   Thumb Code    20  uart.o(i.UART_SendChar)
    UART_SendFloat                           0x00002795   Thumb Code    36  uart.o(i.UART_SendFloat)
    UART_SendString                          0x000027c1   Thumb Code    22  uart.o(i.UART_SendString)
    __ARM_common_ll_muluu                    0x000027d7   Thumb Code    48  btod.o(i.__ARM_common_ll_muluu)
    __ARM_fpclassify                         0x00002809   Thumb Code    40  fpclassify.o(i.__ARM_fpclassify)
    __kernel_poly                            0x000028ad   Thumb Code   172  poly.o(i.__kernel_poly)
    __mathlib_dbl_infnan                     0x00002959   Thumb Code    10  dunder.o(i.__mathlib_dbl_infnan)
    __mathlib_dbl_infnan2                    0x00002963   Thumb Code     8  dunder.o(i.__mathlib_dbl_infnan2)
    __mathlib_dbl_underflow                  0x0000296d   Thumb Code    14  dunder.o(i.__mathlib_dbl_underflow)
    _is_digit                                0x00002981   Thumb Code    14  __printf_wp.o(i._is_digit)
    atan                                     0x00002991   Thumb Code   472  atan.o(i.atan)
    atan2                                    0x00002bad   Thumb Code   372  atan2.o(i.atan2)
    init_CLK                                 0x00002d49   Thumb Code    80  init.o(i.init_CLK)
    init_I2C                                 0x00002d9d   Thumb Code    66  i2c.o(i.init_I2C)
    init_ITR_SW                              0x00002de9   Thumb Code    74  init.o(i.init_ITR_SW)
    init_LCD                                 0x00002e41   Thumb Code   178  lcd.o(i.init_LCD)
    init_LED                                 0x00002f1d   Thumb Code    56  init.o(i.init_LED)
    init_MAG3110                             0x00002f61   Thumb Code    18  mag3110.o(i.init_MAG3110)
    init_SW                                  0x00002f75   Thumb Code    28  init.o(i.init_SW)
    init_SysTick_interrupt                   0x00002f99   Thumb Code    24  init.o(i.init_SysTick_interrupt)
    mag_read                                 0x00002fb9   Thumb Code   148  mag3110.o(i.mag_read)
    main                                     0x0000304d   Thumb Code   202  main.o(i.main)
    reset_LED                                0x00003149   Thumb Code    32  init.o(i.reset_LED)
    toggle_LED                               0x0000316d   Thumb Code    72  init.o(i.toggle_LED)
    _get_lc_numeric                          0x000031c9   Thumb Code    44  lc_numeric_c.o(locale$$code)
    __aeabi_cdcmpeq                          0x000031f5   Thumb Code     0  deqf.o(x$fpl$deqf)
    _dcmpeq                                  0x000031f5   Thumb Code    94  deqf.o(x$fpl$deqf)
    _printf_fp_dec                           0x00003259   Thumb Code    16  printf1.o(x$fpl$printf1)
    __I$use$fp                               0x00003268   Number         0  usenofp.o(x$fpl$usenofp)
    __mathlib_zero                           0x00003390   Data           8  qnan.o(.constdata)
    Region$$Table$$Base                      0x0000342c   Number         0  anon$$obj.o(Region$$Table)
    Region$$Table$$Limit                     0x0000344c   Number         0  anon$$obj.o(Region$$Table)
    state                                    0x1fffe000   Data           1  init.o(.data)
    msTicks                                  0x1fffe004   Data           4  init.o(.data)
    TICK_Green                               0x1fffe008   Data           4  init.o(.data)
    TICK_Red                                 0x1fffe00c   Data           4  init.o(.data)
    SystemCoreClock                          0x1fffe010   Data           4  system_mkl46z4.o(.data)
    __libspace_start                         0x1fffe014   Data          96  libspace.o(.bss)
    Image$$ARM_LIB_HEAP$$ZI$$Base            0x1fffe074   Number         0  anon$$obj.o ABSOLUTE
    __temporary_stack_top$libspace           0x1fffe074   Data           0  libspace.o(.bss)
    Image$$ARM_LIB_HEAP$$ZI$$Limit           0x1fffe474   Number         0  anon$$obj.o ABSOLUTE
    Image$$ARM_LIB_STACK$$ZI$$Limit          0x20006000   Number         0  anon$$obj.o ABSOLUTE



==============================================================================

Memory Map of the image

  Image Entry point : 0x00000411

  Load Region LR_m_text (Base: 0x00000000, Size: 0x0000347c, Max: 0x00040000, ABSOLUTE)

    Execution Region VECTOR_ROM (Exec base: 0x00000000, Load base: 0x00000000, Size: 0x000000c0, Max: 0x00000200, ABSOLUTE)

    Exec Addr    Load Addr    Size         Type   Attr      Idx    E Section Name        Object

    0x00000000   0x00000000   0x000000c0   Data   RO          314    RESET               startup_mkl46z4.o


    Execution Region ER_m_flash_config (Exec base: 0x00000400, Load base: 0x00000400, Size: 0x00000010, Max: 0x00000010, ABSOLUTE, FIXED)

    Exec Addr    Load Addr    Size         Type   Attr      Idx    E Section Name        Object

    0x00000400   0x00000400   0x00000010   Data   RO          315    FlashConfig         startup_mkl46z4.o


    Execution Region ER_m_text (Exec base: 0x00000410, Load base: 0x00000410, Size: 0x00003058, Max: 0x0003fbf0, ABSOLUTE)

    Exec Addr    Load Addr    Size         Type   Attr      Idx    E Section Name        Object

    0x00000410   0x00000410   0x00000008   Code   RO          414  * !!!main             c_p.l(__main.o)
    0x00000418   0x00000418   0x0000003c   Code   RO          708    !!!scatter          c_p.l(__scatter.o)
    0x00000454   0x00000454   0x0000001a   Code   RO          710    !!handler_copy      c_p.l(__scatter_copy.o)
    0x0000046e   0x0000046e   0x00000002   PAD
    0x00000470   0x00000470   0x0000001c   Code   RO          712    !!handler_zi        c_p.l(__scatter_zi.o)
    0x0000048c   0x0000048c   0x00000002   Code   RO          405    .ARM.Collect$$_printf_percent$$00000000  c_p.l(_printf_percent.o)
    0x0000048e   0x0000048e   0x0000000a   Code   RO          404    .ARM.Collect$$_printf_percent$$00000003  c_p.l(_printf_f.o)
    0x00000498   0x00000498   0x00000004   Code   RO          453    .ARM.Collect$$_printf_percent$$00000017  c_p.l(_printf_percent_end.o)
    0x0000049c   0x0000049c   0x00000002   Code   RO          566    .ARM.Collect$$libinit$$00000000  c_p.l(libinit.o)
    0x0000049e   0x0000049e   0x00000000   Code   RO          568    .ARM.Collect$$libinit$$00000002  c_p.l(libinit2.o)
    0x0000049e   0x0000049e   0x00000000   Code   RO          570    .ARM.Collect$$libinit$$00000004  c_p.l(libinit2.o)
    0x0000049e   0x0000049e   0x00000000   Code   RO          573    .ARM.Collect$$libinit$$0000000A  c_p.l(libinit2.o)
    0x0000049e   0x0000049e   0x00000000   Code   RO          575    .ARM.Collect$$libinit$$0000000C  c_p.l(libinit2.o)
    0x0000049e   0x0000049e   0x00000000   Code   RO          577    .ARM.Collect$$libinit$$0000000E  c_p.l(libinit2.o)
    0x0000049e   0x0000049e   0x00000006   Code   RO          578    .ARM.Collect$$libinit$$0000000F  c_p.l(libinit2.o)
    0x000004a4   0x000004a4   0x00000000   Code   RO          580    .ARM.Collect$$libinit$$00000011  c_p.l(libinit2.o)
    0x000004a4   0x000004a4   0x00000000   Code   RO          582    .ARM.Collect$$libinit$$00000013  c_p.l(libinit2.o)
    0x000004a4   0x000004a4   0x00000000   Code   RO          584    .ARM.Collect$$libinit$$00000015  c_p.l(libinit2.o)
    0x000004a4   0x000004a4   0x0000000a   Code   RO          585    .ARM.Collect$$libinit$$00000016  c_p.l(libinit2.o)
    0x000004ae   0x000004ae   0x00000000   Code   RO          586    .ARM.Collect$$libinit$$00000017  c_p.l(libinit2.o)
    0x000004ae   0x000004ae   0x00000000   Code   RO          588    .ARM.Collect$$libinit$$00000019  c_p.l(libinit2.o)
    0x000004ae   0x000004ae   0x00000000   Code   RO          590    .ARM.Collect$$libinit$$0000001B  c_p.l(libinit2.o)
    0x000004ae   0x000004ae   0x00000000   Code   RO          592    .ARM.Collect$$libinit$$0000001D  c_p.l(libinit2.o)
    0x000004ae   0x000004ae   0x00000000   Code   RO          594    .ARM.Collect$$libinit$$0000001F  c_p.l(libinit2.o)
    0x000004ae   0x000004ae   0x00000000   Code   RO          596    .ARM.Collect$$libinit$$00000021  c_p.l(libinit2.o)
    0x000004ae   0x000004ae   0x00000000   Code   RO          598    .ARM.Collect$$libinit$$00000023  c_p.l(libinit2.o)
    0x000004ae   0x000004ae   0x00000000   Code   RO          600    .ARM.Collect$$libinit$$00000025  c_p.l(libinit2.o)
    0x000004ae   0x000004ae   0x00000000   Code   RO          604    .ARM.Collect$$libinit$$0000002C  c_p.l(libinit2.o)
    0x000004ae   0x000004ae   0x00000000   Code   RO          606    .ARM.Collect$$libinit$$0000002E  c_p.l(libinit2.o)
    0x000004ae   0x000004ae   0x00000000   Code   RO          608    .ARM.Collect$$libinit$$00000030  c_p.l(libinit2.o)
    0x000004ae   0x000004ae   0x00000000   Code   RO          610    .ARM.Collect$$libinit$$00000032  c_p.l(libinit2.o)
    0x000004ae   0x000004ae   0x00000002   Code   RO          611    .ARM.Collect$$libinit$$00000033  c_p.l(libinit2.o)
    0x000004b0   0x000004b0   0x00000002   Code   RO          671    .ARM.Collect$$libshutdown$$00000000  c_p.l(libshutdown.o)
    0x000004b2   0x000004b2   0x00000000   Code   RO          689    .ARM.Collect$$libshutdown$$00000002  c_p.l(libshutdown2.o)
    0x000004b2   0x000004b2   0x00000000   Code   RO          691    .ARM.Collect$$libshutdown$$00000004  c_p.l(libshutdown2.o)
    0x000004b2   0x000004b2   0x00000000   Code   RO          693    .ARM.Collect$$libshutdown$$00000006  c_p.l(libshutdown2.o)
    0x000004b2   0x000004b2   0x00000000   Code   RO          696    .ARM.Collect$$libshutdown$$00000009  c_p.l(libshutdown2.o)
    0x000004b2   0x000004b2   0x00000000   Code   RO          699    .ARM.Collect$$libshutdown$$0000000C  c_p.l(libshutdown2.o)
    0x000004b2   0x000004b2   0x00000000   Code   RO          701    .ARM.Collect$$libshutdown$$0000000E  c_p.l(libshutdown2.o)
    0x000004b2   0x000004b2   0x00000000   Code   RO          704    .ARM.Collect$$libshutdown$$00000011  c_p.l(libshutdown2.o)
    0x000004b2   0x000004b2   0x00000002   Code   RO          705    .ARM.Collect$$libshutdown$$00000012  c_p.l(libshutdown2.o)
    0x000004b4   0x000004b4   0x00000000   Code   RO          438    .ARM.Collect$$rtentry$$00000000  c_p.l(__rtentry.o)
    0x000004b4   0x000004b4   0x00000000   Code   RO          490    .ARM.Collect$$rtentry$$00000002  c_p.l(__rtentry2.o)
    0x000004b4   0x000004b4   0x00000004   Code   RO          504    .ARM.Collect$$rtentry$$00000007  c_p.l(__rtentry7.o)
    0x000004b8   0x000004b8   0x00000000   Code   RO          492    .ARM.Collect$$rtentry$$00000009  c_p.l(__rtentry2.o)
    0x000004b8   0x000004b8   0x00000004   Code   RO          493    .ARM.Collect$$rtentry$$0000000A  c_p.l(__rtentry2.o)
    0x000004bc   0x000004bc   0x00000000   Code   RO          495    .ARM.Collect$$rtentry$$0000000C  c_p.l(__rtentry2.o)
    0x000004bc   0x000004bc   0x00000008   Code   RO          496    .ARM.Collect$$rtentry$$0000000D  c_p.l(__rtentry2.o)
    0x000004c4   0x000004c4   0x00000004   Code   RO          505    .ARM.Collect$$rtentry$$00002718  c_p.l(__rtentry7.o)
    0x000004c8   0x000004c8   0x00000002   Code   RO          619    .ARM.Collect$$rtexit$$00000000  c_p.l(rtexit.o)
    0x000004ca   0x000004ca   0x00000000   Code   RO          643    .ARM.Collect$$rtexit$$00000002  c_p.l(rtexit2.o)
    0x000004ca   0x000004ca   0x00000004   Code   RO          644    .ARM.Collect$$rtexit$$00000003  c_p.l(rtexit2.o)
    0x000004ce   0x000004ce   0x00000006   Code   RO          645    .ARM.Collect$$rtexit$$00000004  c_p.l(rtexit2.o)
    0x000004d4   0x000004d4   0x00000038   Code   RO          406    .emb_text           c_p.l(rt_memcpy.o)
    0x0000050c   0x0000050c   0x0000009c   Code   RO          316    .text               startup_mkl46z4.o
    0x000005a8   0x000005a8   0x00000028   Code   RO          376    .text               c_p.l(noretval__2sprintf.o)
    0x000005d0   0x000005d0   0x0000010e   Code   RO          390    .text               c_p.l(__printf_wp.o)
    0x000006de   0x000006de   0x00000082   Code   RO          407    .text               c_p.l(rt_memcpy.o)
    0x00000760   0x00000760   0x0000015a   Code   RO          410    .text               c_p.l(aeabi_sdiv.o)
    0x000008ba   0x000008ba   0x00000002   PAD
    0x000008bc   0x000008bc   0x0000007c   Code   RO          416    .text               fz_ps.l(d2f.o)
    0x00000938   0x00000938   0x00000058   Code   RO          418    .text               fz_ps.l(dflti.o)
    0x00000990   0x00000990   0x00000248   Code   RO          420    .text               fz_ps.l(dmul.o)
    0x00000bd8   0x00000bd8   0x00000054   Code   RO          422    .text               fz_ps.l(f2d.o)
    0x00000c2c   0x00000c2c   0x00000030   Code   RO          424    .text               fz_ps.l(ffixui.o)
    0x00000c5c   0x00000c5c   0x0000005e   Code   RO          426    .text               fz_ps.l(fflti.o)
    0x00000cba   0x00000cba   0x00000016   Code   RO          443    .text               c_p.l(_rserrno.o)
    0x00000cd0   0x00000cd0   0x00000418   Code   RO          447    .text               c_p.l(_printf_fp_dec.o)
    0x000010e8   0x000010e8   0x00000030   Code   RO          449    .text               c_p.l(_printf_char_common.o)
    0x00001118   0x00001118   0x0000000a   Code   RO          451    .text               c_p.l(_sputc.o)
    0x00001122   0x00001122   0x00000028   Code   RO          454    .text               c_p.l(rtudiv10.o)
    0x0000114a   0x0000114a   0x00000002   PAD
    0x0000114c   0x0000114c   0x00000358   Code   RO          456    .text               fz_ps.l(daddsub.o)
    0x000014a4   0x000014a4   0x00000448   Code   RO          458    .text               fz_ps.l(ddiv.o)
    0x000018ec   0x000018ec   0x00000008   Code   RO          514    .text               c_p.l(rt_locale_intlibspace.o)
    0x000018f4   0x000018f4   0x00000008   Code   RO          519    .text               c_p.l(rt_errno_addr_intlibspace.o)
    0x000018fc   0x000018fc   0x0000007a   Code   RO          521    .text               c_p.l(lludiv10.o)
    0x00001976   0x00001976   0x00000002   PAD
    0x00001978   0x00001978   0x00000088   Code   RO          523    .text               c_p.l(_printf_fp_infnan.o)
    0x00001a00   0x00001a00   0x000000d8   Code   RO          527    .text               c_p.l(bigflt0.o)
    0x00001ad8   0x00001ad8   0x00000580   Code   RO          530    .text               c_p.l(btod.o)
    0x00002058   0x00002058   0x00000090   Code   RO          537    .text               fz_ps.l(dcmpin.o)
    0x000020e8   0x000020e8   0x00000060   Code   RO          539    .text               fz_ps.l(dscalbn.o)
    0x00002148   0x00002148   0x00000010   Code   RO          553    .text               c_p.l(exit.o)
    0x00002158   0x00002158   0x00000088   Code   RO          559    .text               c_p.l(strcmp.o)
    0x000021e0   0x000021e0   0x0000002e   Code   RO          612    .text               fz_ps.l(cmpret.o)
    0x0000220e   0x0000220e   0x00000002   PAD
    0x00002210   0x00002210   0x00000014   Code   RO          614    .text               fz_ps.l(dnan2.o)
    0x00002224   0x00002224   0x0000005e   Code   RO          635    .text               fz_ps.l(retnan.o)
    0x00002282   0x00002282   0x00000002   PAD
    0x00002284   0x00002284   0x0000000c   Code   RO          637    .text               c_p.l(sys_exit.o)
    0x00002290   0x00002290   0x00000002   Code   RO          639    .text               c_p.l(use_no_semi.o)
    0x00002292   0x00002292   0x00000000   Code   RO          641    .text               c_p.l(indicate_semi.o)
    0x00002292   0x00002292   0x00000002   PAD
    0x00002294   0x00002294   0x00000018   Code   RO           70    i.Delay             init.o
    0x000022ac   0x000022ac   0x0000000c   Code   RO          198    i.Delay_mag         mag3110.o
    0x000022b8   0x000022b8   0x000000dc   Code   RO          230    i.I2C_read          i2c.o
    0x00002394   0x00002394   0x00000080   Code   RO          231    i.I2C_write         i2c.o
    0x00002414   0x00002414   0x00000062   Code   RO          158    i.LCD_DisplayDecimal  lcd.o
    0x00002476   0x00002476   0x00000002   PAD
    0x00002478   0x00002478   0x00000030   Code   RO          159    i.LCD_DisplayError  lcd.o
    0x000024a8   0x000024a8   0x00000148   Code   RO          160    i.LCD_Set           lcd.o
    0x000025f0   0x000025f0   0x00000088   Code   RO           71    i.PORTC_PORTD_IRQHandler  init.o
    0x00002678   0x00002678   0x00000010   Code   RO           72    i.SysTick_Handler   init.o
    0x00002688   0x00002688   0x00000014   Code   RO          323    i.SystemInit        system_mkl46z4.o
    0x0000269c   0x0000269c   0x00000002   Code   RO          324    i.SystemInitHook    system_mkl46z4.o
    0x0000269e   0x0000269e   0x00000002   PAD
    0x000026a0   0x000026a0   0x000000dc   Code   RO          262    i.UART_Init         uart.o
    0x0000277c   0x0000277c   0x00000018   Code   RO          263    i.UART_SendChar     uart.o
    0x00002794   0x00002794   0x0000002c   Code   RO          264    i.UART_SendFloat    uart.o
    0x000027c0   0x000027c0   0x00000016   Code   RO          266    i.UART_SendString   uart.o
    0x000027d6   0x000027d6   0x00000030   Code   RO          532    i.__ARM_common_ll_muluu  c_p.l(btod.o)
    0x00002806   0x00002806   0x00000002   PAD
    0x00002808   0x00002808   0x0000002c   Code   RO          543    i.__ARM_fpclassify  m_ps.l(fpclassify.o)
    0x00002834   0x00002834   0x00000078   Code   RO           73    i.__NVIC_SetPriority  init.o
    0x000028ac   0x000028ac   0x000000ac   Code   RO          545    i.__kernel_poly     m_ps.l(poly.o)
    0x00002958   0x00002958   0x0000000a   Code   RO          475    i.__mathlib_dbl_infnan  m_ps.l(dunder.o)
    0x00002962   0x00002962   0x00000008   Code   RO          476    i.__mathlib_dbl_infnan2  m_ps.l(dunder.o)
    0x0000296a   0x0000296a   0x00000002   PAD
    0x0000296c   0x0000296c   0x00000014   Code   RO          480    i.__mathlib_dbl_underflow  m_ps.l(dunder.o)
    0x00002980   0x00002980   0x0000000e   Code   RO          392    i._is_digit         c_p.l(__printf_wp.o)
    0x0000298e   0x0000298e   0x00000002   PAD
    0x00002990   0x00002990   0x0000021c   Code   RO          465    i.atan              m_ps.l(atan.o)
    0x00002bac   0x00002bac   0x0000019c   Code   RO          431    i.atan2             m_ps.l(atan2.o)
    0x00002d48   0x00002d48   0x00000054   Code   RO           74    i.init_CLK          init.o
    0x00002d9c   0x00002d9c   0x0000004c   Code   RO          232    i.init_I2C          i2c.o
    0x00002de8   0x00002de8   0x00000058   Code   RO           75    i.init_ITR_SW       init.o
    0x00002e40   0x00002e40   0x000000dc   Code   RO          161    i.init_LCD          lcd.o
    0x00002f1c   0x00002f1c   0x00000044   Code   RO           76    i.init_LED          init.o
    0x00002f60   0x00002f60   0x00000012   Code   RO          199    i.init_MAG3110      mag3110.o
    0x00002f72   0x00002f72   0x00000002   PAD
    0x00002f74   0x00002f74   0x00000024   Code   RO           77    i.init_SW           init.o
    0x00002f98   0x00002f98   0x00000020   Code   RO           78    i.init_SysTick_interrupt  init.o
    0x00002fb8   0x00002fb8   0x00000094   Code   RO          200    i.mag_read          mag3110.o
    0x0000304c   0x0000304c   0x000000fc   Code   RO            5    i.main              main.o
    0x00003148   0x00003148   0x00000024   Code   RO           79    i.reset_LED         init.o
    0x0000316c   0x0000316c   0x0000005c   Code   RO           80    i.toggle_LED        init.o
    0x000031c8   0x000031c8   0x0000002c   Code   RO          535    locale$$code        c_p.l(lc_numeric_c.o)
    0x000031f4   0x000031f4   0x00000064   Code   RO          461    x$fpl$deqf          fz_ps.l(deqf.o)
    0x00003258   0x00003258   0x00000010   Code   RO          428    x$fpl$printf1       fz_ps.l(printf1.o)
    0x00003268   0x00003268   0x00000000   Code   RO          463    x$fpl$usenofp       fz_ps.l(usenofp.o)
    0x00003268   0x00003268   0x0000000c   Data   RO          162    .constdata          lcd.o
    0x00003274   0x00003274   0x00000080   Data   RO          459    .constdata          fz_ps.l(ddiv.o)
    0x000032f4   0x000032f4   0x00000004   PAD
    0x000032f8   0x000032f8   0x00000098   Data   RO          466    .constdata          m_ps.l(atan.o)
    0x00003390   0x00003390   0x00000008   Data   RO          488    .constdata          m_ps.l(qnan.o)
    0x00003398   0x00003398   0x00000094   Data   RO          528    .constdata          c_p.l(bigflt0.o)
    0x0000342c   0x0000342c   0x00000020   Data   RO          706    Region$$Table       anon$$obj.o
    0x0000344c   0x0000344c   0x0000001c   Data   RO          534    locale$$data        c_p.l(lc_numeric_c.o)


    Execution Region RW_m_data (Exec base: 0x1fffe000, Load base: 0x00003468, Size: 0x00000074, Max: 0x00007800, ABSOLUTE)

    Exec Addr    Load Addr    Size         Type   Attr      Idx    E Section Name        Object

    0x1fffe000   0x00003468   0x00000010   Data   RW           81    .data               init.o
    0x1fffe010   0x00003478   0x00000004   Data   RW          325    .data               system_mkl46z4.o
    0x1fffe014        -       0x00000060   Zero   RW          548    .bss                c_p.l(libspace.o)


    Execution Region ARM_LIB_HEAP (Exec base: 0x1fffe074, Load base: 0x0000347c, Size: 0x00000400, Max: 0x00000400, ABSOLUTE)

    Exec Addr    Load Addr    Size         Type   Attr      Idx    E Section Name        Object

    0x1fffe074        -       0x00000400   Zero   RW            1    ARM_LIB_HEAP.bss    anon$$obj.o


    Execution Region ARM_LIB_STACK (Exec base: 0x20005c00, Load base: 0x0000347c, Size: 0x00000400, Max: 0x00000400, ABSOLUTE)

    Exec Addr    Load Addr    Size         Type   Attr      Idx    E Section Name        Object

    0x20005c00        -       0x00000400   Zero   RW            2    ARM_LIB_STACK.bss   anon$$obj.o


==============================================================================

Image component sizes


      Code (inc. data)   RO Data    RW Data    ZI Data      Debug   Object Name

       424         20          0          0          0       1398   i2c.o
       732        104          0         16          0      13135   init.o
       694         58         12          0          0       2505   lcd.o
       178          0          0          0          0       1890   mag3110.o
       252         50          0          0          0     280367   main.o
       156         70        208          0          0       1164   startup_mkl46z4.o
        22          6          0          4          0       1112   system_mkl46z4.o
       310         30          0          0          0       1831   uart.o

    ----------------------------------------------------------------------
      2774        338        252         20       2048     303402   Object Totals
         0          0         32          0       2048          0   (incl. Generated)
         6          0          0          0          0          0   (incl. Padding)

    ----------------------------------------------------------------------

      Code (inc. data)   RO Data    RW Data    ZI Data      Debug   Library Member Name

         8          0          0          0          0         68   __main.o
       284          0          0          0          0        136   __printf_wp.o
         0          0          0          0          0          0   __rtentry.o
        12          0          0          0          0          0   __rtentry2.o
         8          4          0          0          0          0   __rtentry7.o
        60          8          0          0          0          0   __scatter.o
        26          0          0          0          0          0   __scatter_copy.o
        28          0          0          0          0          0   __scatter_zi.o
        48          6          0          0          0         88   _printf_char_common.o
        10          0          0          0          0          0   _printf_f.o
      1048         14          0          0          0        176   _printf_fp_dec.o
       136         16          0          0          0         76   _printf_fp_infnan.o
         2          0          0          0          0          0   _printf_percent.o
         4          0          0          0          0          0   _printf_percent_end.o
        22          0          0          0          0         92   _rserrno.o
        10          0          0          0          0         60   _sputc.o
       346          0          0          0          0         92   aeabi_sdiv.o
       216          6        148          0          0         80   bigflt0.o
      1456         30          0          0          0        336   btod.o
        16          0          0          0          0         68   exit.o
         0          0          0          0          0          0   indicate_semi.o
        44         10         28          0          0         76   lc_numeric_c.o
         2          0          0          0          0          0   libinit.o
        18          0          0          0          0          0   libinit2.o
         2          0          0          0          0          0   libshutdown.o
         2          0          0          0          0          0   libshutdown2.o
         0          0          0          0         96          0   libspace.o
       122          0          0          0          0         72   lludiv10.o
        40          4          0          0          0         84   noretval__2sprintf.o
         8          4          0          0          0         68   rt_errno_addr_intlibspace.o
         8          4          0          0          0         68   rt_locale_intlibspace.o
       186          0          0          0          0        144   rt_memcpy.o
         2          0          0          0          0          0   rtexit.o
        10          0          0          0          0          0   rtexit2.o
        40          0          0          0          0         60   rtudiv10.o
       136          4          0          0          0         72   strcmp.o
        12          4          0          0          0         60   sys_exit.o
         2          0          0          0          0         68   use_no_semi.o
        46          0          0          0          0         60   cmpret.o
       124          4          0          0          0         72   d2f.o
       856         20          0          0          0        208   daddsub.o
       144          4          0          0          0         76   dcmpin.o
      1096         26        128          0          0        112   ddiv.o
       100          4          0          0          0         92   deqf.o
        88          0          0          0          0         92   dflti.o
       584         26          0          0          0         84   dmul.o
        20          6          0          0          0         68   dnan2.o
        96         12          0          0          0         72   dscalbn.o
        84          4          0          0          0         60   f2d.o
        48          0          0          0          0         60   ffixui.o
        94          0          0          0          0         92   fflti.o
        16          4          0          0          0         76   printf1.o
        94          0          0          0          0         68   retnan.o
         0          0          0          0          0          0   usenofp.o
       540         68        152          0          0        112   atan.o
       412         40          0          0          0        144   atan2.o
        38          6          0          0          0        204   dunder.o
        44          4          0          0          0         60   fpclassify.o
       172          0          0          0          0         76   poly.o
         0          0          8          0          0          0   qnan.o

    ----------------------------------------------------------------------
      9090        342        468          0         96       3932   Library Totals
        20          0          4          0          0          0   (incl. Padding)

    ----------------------------------------------------------------------

      Code (inc. data)   RO Data    RW Data    ZI Data      Debug   Library Name

      4374        114        176          0         96       2044   c_p.l
      3490        110        128          0          0       1292   fz_ps.l
      1206        118        160          0          0        596   m_ps.l

    ----------------------------------------------------------------------
      9090        342        468          0         96       3932   Library Totals

    ----------------------------------------------------------------------

==============================================================================


      Code (inc. data)   RO Data    RW Data    ZI Data      Debug   

     11864        680        720         20       2144     304342   Grand Totals
     11864        680        720         20       2144     304342   ELF Image Totals
     11864        680        720         20          0          0   ROM Totals

==============================================================================

    Total RO  Size (Code + RO Data)                12584 (  12.29kB)
    Total RW  Size (RW Data + ZI Data)              2164 (   2.11kB)
    Total ROM Size (Code + RO Data + RW Data)      12604 (  12.31kB)

==============================================================================

